###############################################################################
#
# IAR ELF Linker V8.20.2.14835/W32 for ARM                06/Mar/2018  16:02:01
# Copyright 2007-2017 IAR Systems AB.
#
#    Output file  =  
#        C:\Users\Lalit\Desktop\RTOS\programs\prog3\Prog2Starter\App\Flash\Exe\Prog3.out
#    Map file     =  
#        C:\Users\Lalit\Desktop\RTOS\programs\prog3\Prog2Starter\App\Flash\List\Prog3.map
#    Command line =  
#        -f C:\Users\Lalit\AppData\Local\Temp\EW8BBB.tmp
#        (C:\Users\Lalit\Desktop\RTOS\programs\prog3\Prog2Starter\App\Flash\Obj\app_vect.o
#        C:\Users\Lalit\Desktop\RTOS\programs\prog3\Prog2Starter\App\Flash\Obj\BfrPair.o
#        C:\Users\Lalit\Desktop\RTOS\programs\prog3\Prog2Starter\App\Flash\Obj\bsp.o
#        C:\Users\Lalit\Desktop\RTOS\programs\prog3\Prog2Starter\App\Flash\Obj\bsp_i2c.o
#        C:\Users\Lalit\Desktop\RTOS\programs\prog3\Prog2Starter\App\Flash\Obj\bsp_int.o
#        C:\Users\Lalit\Desktop\RTOS\programs\prog3\Prog2Starter\App\Flash\Obj\bsp_os.o
#        C:\Users\Lalit\Desktop\RTOS\programs\prog3\Prog2Starter\App\Flash\Obj\bsp_periph.o
#        C:\Users\Lalit\Desktop\RTOS\programs\prog3\Prog2Starter\App\Flash\Obj\bsp_ser.o
#        C:\Users\Lalit\Desktop\RTOS\programs\prog3\Prog2Starter\App\Flash\Obj\bsp_stlm75.o
#        C:\Users\Lalit\Desktop\RTOS\programs\prog3\Prog2Starter\App\Flash\Obj\Buffer.o
#        C:\Users\Lalit\Desktop\RTOS\programs\prog3\Prog2Starter\App\Flash\Obj\Intrpt.o
#        C:\Users\Lalit\Desktop\RTOS\programs\prog3\Prog2Starter\App\Flash\Obj\os_app_hooks.o
#        C:\Users\Lalit\Desktop\RTOS\programs\prog3\Prog2Starter\App\Flash\Obj\os_cfg_app.o
#        C:\Users\Lalit\Desktop\RTOS\programs\prog3\Prog2Starter\App\Flash\Obj\os_dbg.o
#        C:\Users\Lalit\Desktop\RTOS\programs\prog3\Prog2Starter\App\Flash\Obj\Prog2.o
#        C:\Users\Lalit\Desktop\RTOS\programs\prog3\Prog2Starter\App\Flash\Obj\SerIODriver.o
#        C:\Users\Lalit\Desktop\RTOS\programs\prog3\Prog2Starter\App\Flash\Obj\stm32f10x_adc.o
#        C:\Users\Lalit\Desktop\RTOS\programs\prog3\Prog2Starter\App\Flash\Obj\stm32f10x_bkp.o
#        C:\Users\Lalit\Desktop\RTOS\programs\prog3\Prog2Starter\App\Flash\Obj\stm32f10x_can.o
#        C:\Users\Lalit\Desktop\RTOS\programs\prog3\Prog2Starter\App\Flash\Obj\stm32f10x_crc.o
#        C:\Users\Lalit\Desktop\RTOS\programs\prog3\Prog2Starter\App\Flash\Obj\stm32f10x_dac.o
#        C:\Users\Lalit\Desktop\RTOS\programs\prog3\Prog2Starter\App\Flash\Obj\stm32f10x_dbgmcu.o
#        C:\Users\Lalit\Desktop\RTOS\programs\prog3\Prog2Starter\App\Flash\Obj\stm32f10x_dma.o
#        C:\Users\Lalit\Desktop\RTOS\programs\prog3\Prog2Starter\App\Flash\Obj\stm32f10x_exti.o
#        C:\Users\Lalit\Desktop\RTOS\programs\prog3\Prog2Starter\App\Flash\Obj\stm32f10x_flash.o
#        C:\Users\Lalit\Desktop\RTOS\programs\prog3\Prog2Starter\App\Flash\Obj\stm32f10x_fsmc.o
#        C:\Users\Lalit\Desktop\RTOS\programs\prog3\Prog2Starter\App\Flash\Obj\stm32f10x_gpio.o
#        C:\Users\Lalit\Desktop\RTOS\programs\prog3\Prog2Starter\App\Flash\Obj\stm32f10x_i2c.o
#        C:\Users\Lalit\Desktop\RTOS\programs\prog3\Prog2Starter\App\Flash\Obj\stm32f10x_iwdg.o
#        C:\Users\Lalit\Desktop\RTOS\programs\prog3\Prog2Starter\App\Flash\Obj\stm32f10x_lib.o
#        C:\Users\Lalit\Desktop\RTOS\programs\prog3\Prog2Starter\App\Flash\Obj\stm32f10x_nvic.o
#        C:\Users\Lalit\Desktop\RTOS\programs\prog3\Prog2Starter\App\Flash\Obj\stm32f10x_pwr.o
#        C:\Users\Lalit\Desktop\RTOS\programs\prog3\Prog2Starter\App\Flash\Obj\stm32f10x_rcc.o
#        C:\Users\Lalit\Desktop\RTOS\programs\prog3\Prog2Starter\App\Flash\Obj\stm32f10x_rtc.o
#        C:\Users\Lalit\Desktop\RTOS\programs\prog3\Prog2Starter\App\Flash\Obj\stm32f10x_sdio.o
#        C:\Users\Lalit\Desktop\RTOS\programs\prog3\Prog2Starter\App\Flash\Obj\stm32f10x_spi.o
#        C:\Users\Lalit\Desktop\RTOS\programs\prog3\Prog2Starter\App\Flash\Obj\stm32f10x_systick.o
#        C:\Users\Lalit\Desktop\RTOS\programs\prog3\Prog2Starter\App\Flash\Obj\stm32f10x_tim.o
#        C:\Users\Lalit\Desktop\RTOS\programs\prog3\Prog2Starter\App\Flash\Obj\stm32f10x_usart.o
#        C:\Users\Lalit\Desktop\RTOS\programs\prog3\Prog2Starter\App\Flash\Obj\stm32f10x_wwdg.o
#        C:\Users\Lalit\Desktop\RTOS\programs\prog3\Prog2Starter\uCOS-III-Lib\uC-CPU-CM3-IAR.a
#        C:\Users\Lalit\Desktop\RTOS\programs\prog3\Prog2Starter\uCOS-III-Lib\uC-LIB-CM3-IAR.a
#        C:\Users\Lalit\Desktop\RTOS\programs\prog3\Prog2Starter\uCOS-III-Lib\uCOS-III-CM3-IAR.a
#        --redirect _Printf=_PrintfFullNoMb --redirect _Scanf=_ScanfFullNoMb -o
#        C:\Users\Lalit\Desktop\RTOS\programs\prog3\Prog2Starter\App\Flash\Exe\Prog3.out
#        --map
#        C:\Users\Lalit\Desktop\RTOS\programs\prog3\Prog2Starter\App\Flash\List\Prog3.map
#        --config
#        C:\Users\Lalit\Desktop\RTOS\programs\prog3\Prog2Starter\BSP\STM32_FLASH.icf
#        --semihosting --entry __iar_program_start --vfe --text_out locale)
#
###############################################################################

*******************************************************************************
*** RUNTIME MODEL ATTRIBUTES
***

CppFlavor       = *
__SystemLibrary = DLib
__dlib_version  = 6


*******************************************************************************
*** HEAP SELECTION
***

The basic heap was selected because some modules are built with
size limitations (and not runtime checking), and --advanced_heap
was not specified.


*******************************************************************************
*** PLACEMENT SUMMARY
***

"A0":  place at 0x08000000 { ro section .intvec };
"P2":  place in [from 0x080000ec to 0x0803ffff] { ro };
define block CSTACK with size = 8K, alignment = 8 { };
"P3":  place in [from 0x20000000 to 0x2000ffff] { block CSTACK };
define block HEAP with size = 0M, alignment = 8 { };
"P4":  place in [from 0x20000000 to 0x2000ffff] { rw, block HEAP };

No sections matched the following patterns:

  rw data section USB_PACKET_MEMORY  in "P1"


  Section          Kind        Address    Size  Object
  -------          ----        -------    ----  ------
"A0":                                    0x150
  .intvec          const    0x08000000   0x150  app_vect.o [1]
                          - 0x08000150   0x150

"P2":                                   0x1b4c
  .text            ro code  0x08000150   0x5aa  os_core.o [9]
  .text            ro code  0x080006fa     0xe  app_vect.o [1]
  CODE             ro code  0x08000708    0x2a  cpu_a.o [7]
  .text            ro code  0x08000734    0xe8  cpu_core.o [7]
  .text            ro code  0x0800081c    0x5c  os_prio.o [9]
  CODE             ro code  0x08000878    0x94  os_cpu_a.o [9]
  .text            ro code  0x0800090c    0x52  os_tick.o [9]
  .text            ro code  0x08000960   0x13c  bsp.o [1]
  .text            ro code  0x08000a9c   0x480  stm32f10x_rcc.o [1]
  .text            ro code  0x08000f1c    0x44  stm32f10x_flash.o [1]
  .text            ro code  0x08000f60   0x164  stm32f10x_gpio.o [1]
  .text            ro code  0x080010c4   0x294  bsp_int.o [1]
  .text            ro code  0x08001358   0x144  SerIODriver.o [1]
  .text            ro code  0x0800149c    0xd6  BfrPair.o [1]
  .text            ro code  0x08001572    0xc2  Buffer.o [1]
  .text            ro code  0x08001634   0x104  os_task.o [9]
  .text            ro code  0x08001738    0xf0  os_cpu_c.o [9]
  .text            ro code  0x08001828    0x60  os_time.o [9]
  .text            ro code  0x08001888    0xe8  stm32f10x_usart.o [1]
  .text            ro code  0x08001970    0xcc  Prog2.o [1]
  .text            ro code  0x08001a3c    0x38  Intrpt.o [1]
  .text            ro code  0x08001a74    0xac  bsp_ser.o [1]
  .text            ro code  0x08001b20     0xc  toupper.o [3]
  .text            ro code  0x08001b2c    0x90  bsp_periph.o [1]
  .text            ro code  0x08001bbc    0x40  zero_init3.o [5]
  .text            ro code  0x08001bfc    0x28  data_init.o [5]
  .iar.init_table  const    0x08001c24    0x10  - Linker created -
  .text            ro code  0x08001c34    0x1e  cmain.o [5]
  .text            ro code  0x08001c52     0x4  low_level_init.o [3]
  .text            ro code  0x08001c56     0x4  exit.o [3]
  .text            ro code  0x08001c5c     0xa  cexit.o [5]
  .text            ro code  0x08001c68    0x14  exit.o [6]
  .rodata          const    0x08001c7c    0x10  stm32f10x_rcc.o [1]
  .text            ro code  0x08001c8c     0xc  cstartup_M.o [5]
  .rodata          const    0x08001c98     0x4  stm32f10x_rcc.o [1]
  .rodata          const    0x08001c9c     0x0  zero_init3.o [5]
                          - 0x08001c9c  0x1b4c

"P3-P4", part 1 of 2:                    0x480
  .bss             zero     0x20000000   0x110  bsp_int.o [1]
  .bss             zero     0x20000110    0xd0  __dbg_uCOS-III.o [9]
  .bss             zero     0x200001e0    0xd0  __dbg_uCOS-III.o [9]
  .bss             zero     0x200002b0    0xd0  __dbg_uCOS-III.o [9]
  .bss             zero     0x20000380    0x60  __dbg_uCOS-III.o [9]
  .bss             zero     0x200003e0    0x1c  SerIODriver.o [1]
  .bss             zero     0x200003fc    0x1c  SerIODriver.o [1]
  .bss             zero     0x20000418     0x4  bsp.o [1]
  .bss             zero     0x2000041c     0x4  Prog2.o [1]
  .bss             zero     0x20000420     0x4  SerIODriver.o [1]
  .bss             zero     0x20000424     0x4  SerIODriver.o [1]
  .bss             zero     0x20000428     0x4  SerIODriver.o [1]
  .bss             zero     0x2000042c     0x4  SerIODriver.o [1]
  .bss             zero     0x20000430     0x4  os_cpu_c.o [9]
  .bss             zero     0x20000434     0x4  cpu_core.o [7]
  .bss             zero     0x20000438     0x4  cpu_core.o [7]
  .bss             zero     0x2000043c     0x4  cpu_core.o [7]
  .bss             zero     0x20000440     0x4  cpu_core.o [7]
  .bss             zero     0x20000444     0x4  cpu_core.o [7]
  .bss             zero     0x20000448     0x4  __dbg_uCOS-III.o [9]
  .bss             zero     0x2000044c     0x4  __dbg_uCOS-III.o [9]
  .bss             zero     0x20000450     0x4  __dbg_uCOS-III.o [9]
  .bss             zero     0x20000454     0x4  __dbg_uCOS-III.o [9]
  .bss             zero     0x20000458     0x4  __dbg_uCOS-III.o [9]
  .bss             zero     0x2000045c     0x4  __dbg_uCOS-III.o [9]
  .bss             zero     0x20000460     0x4  __dbg_uCOS-III.o [9]
  .bss             zero     0x20000464     0x4  __dbg_uCOS-III.o [9]
  .bss             zero     0x20000468     0x4  __dbg_uCOS-III.o [9]
  .bss             zero     0x2000046c     0x4  os_prio.o [9]
  .bss             zero     0x20000470     0x2  Intrpt.o [1]
  .bss             zero     0x20000472     0x2  Prog2.o [1]
  .bss             zero     0x20000474     0x2  cpu_core.o [7]
  .bss             zero     0x20000476     0x2  cpu_core.o [7]
  .bss             zero     0x20000478     0x1  Prog2.o [1]
  .bss             zero     0x20000479     0x1  Prog2.o [1]
  .bss             zero     0x2000047a     0x1  __dbg_uCOS-III.o [9]
  .bss             zero     0x2000047b     0x1  __dbg_uCOS-III.o [9]
  .bss             zero     0x2000047c     0x1  __dbg_uCOS-III.o [9]
  .bss             zero     0x2000047d     0x1  __dbg_uCOS-III.o [9]
  .bss             zero     0x2000047e     0x1  __dbg_uCOS-III.o [9]
  .bss             zero     0x2000047f     0x1  __dbg_uCOS-III.o [9]
                          - 0x20000480   0x480

"P3-P4", part 2 of 2:                   0x2000
  CSTACK                    0x20000480  0x2000  <Block>
    CSTACK         uninit   0x20000480  0x2000  <Block tail>
                          - 0x20002480  0x2000


*******************************************************************************
*** INIT TABLE
***

          Address     Size
          -------     ----
Zero (__iar_zero_init3)
    1 destination range, total size 0x480:
          0x20000000  0x480



*******************************************************************************
*** MODULE SUMMARY
***

    Module             ro code  ro data  rw data
    ------             -------  -------  -------
C:\Users\Lalit\Desktop\RTOS\programs\prog3\Prog2Starter\App\Flash\Obj: [1]
    BfrPair.o              214
    Buffer.o               194
    Intrpt.o                56                 2
    Prog2.o                204                 8
    SerIODriver.o          324                72
    app_vect.o              14      336
    bsp.o                  316                 4
    bsp_int.o              660               272
    bsp_periph.o           144
    bsp_ser.o              172
    stm32f10x_flash.o       68
    stm32f10x_gpio.o       356
    stm32f10x_rcc.o      1 152       20
    stm32f10x_usart.o      232
    --------------------------------------------
    Total:               4 106      356      358

command line: [2]
    --------------------------------------------
    Total:

dl7M_tln.a: [3]
    exit.o                   4
    low_level_init.o         4
    toupper.o               12
    --------------------------------------------
    Total:                  20

m7M_tl.a: [4]
    --------------------------------------------
    Total:

rt7M_tl.a: [5]
    cexit.o                 10
    cmain.o                 30
    cstartup_M.o            12
    data_init.o             40
    zero_init3.o            64
    --------------------------------------------
    Total:                 156

shb_l.a: [6]
    exit.o                  20
    --------------------------------------------
    Total:                  20

uC-CPU-CM3-IAR.a: [7]
    cpu_a.o                 42
    cpu_core.o             232                24
    --------------------------------------------
    Total:                 274                24

uC-LIB-CM3-IAR.a: [8]
    --------------------------------------------
    Total:

uCOS-III-CM3-IAR.a: [9]
    __dbg_uCOS-III.o                         762
    os_core.o            1 450
    os_cpu_a.o             148
    os_cpu_c.o             240                 4
    os_prio.o               92                 4
    os_task.o              260
    os_tick.o               82
    os_time.o               96
    --------------------------------------------
    Total:               2 368               770

    Gaps                     8
    Linker created                   16    8 192
------------------------------------------------
    Grand Total:         6 952      372    9 344


*******************************************************************************
*** ENTRY LIST
***

Entry                      Address   Size  Type      Object
-----                      -------   ----  ----      ------
.iar.init_table$$Base   0x08001c24          --   Gb  - Linker created -
.iar.init_table$$Limit  0x08001c34          --   Gb  - Linker created -
?main                   0x08001c35         Code  Gb  cmain.o [5]
ADCPrescTable           0x08001c98    0x4  Data  Lc  stm32f10x_rcc.o [1]
APBAHBPrescTable        0x08001c7c   0x10  Data  Lc  stm32f10x_rcc.o [1]
AppMain                 0x08001a2d   0x10  Code  Gb  Prog2.o [1]
App_BusFault_ISR        0x080006ff    0x2  Code  Lc  app_vect.o [1]
App_Fault_ISR           0x080006fd    0x2  Code  Lc  app_vect.o [1]
App_MemFault_ISR        0x08000703    0x2  Code  Lc  app_vect.o [1]
App_NMI_ISR             0x080006fb    0x2  Code  Lc  app_vect.o [1]
App_Reserved_ISR        0x08000707    0x2  Code  Lc  app_vect.o [1]
App_Spurious_ISR        0x08000705    0x2  Code  Lc  app_vect.o [1]
App_UsageFault_ISR      0x08000701    0x2  Code  Lc  app_vect.o [1]
BSP_CPU_ClkFreq         0x08000a2b   0x10  Code  Gb  bsp.o [1]
BSP_CPU_ClkFreq_MHz     0x20000418    0x4  Data  Gb  bsp.o [1]
BSP_Init                0x08000961   0xca  Code  Gb  bsp.o [1]
BSP_IntHandler          0x0800131d   0x38  Code  Lc  bsp_int.o [1]
BSP_IntHandlerADC1_2    0x08001179    0xa  Code  Gb  bsp_int.o [1]
BSP_IntHandlerCAN1_RX0  0x0800118d    0xa  Code  Gb  bsp_int.o [1]
BSP_IntHandlerCAN1_RX1  0x08001197    0xa  Code  Gb  bsp_int.o [1]
BSP_IntHandlerCAN1_SCE  0x080011a1    0xa  Code  Gb  bsp_int.o [1]
BSP_IntHandlerCAN1_TX   0x08001183    0xa  Code  Gb  bsp_int.o [1]
BSP_IntHandlerCAN2_RX0  0x080012f5    0xa  Code  Gb  bsp_int.o [1]
BSP_IntHandlerCAN2_RX1  0x080012ff    0xa  Code  Gb  bsp_int.o [1]
BSP_IntHandlerCAN2_SCE  0x08001309    0xa  Code  Gb  bsp_int.o [1]
BSP_IntHandlerCAN2_TX   0x080012eb    0xa  Code  Gb  bsp_int.o [1]
BSP_IntHandlerDMA1_CH1  0x08001133    0xa  Code  Gb  bsp_int.o [1]
BSP_IntHandlerDMA1_CH2  0x0800113d    0xa  Code  Gb  bsp_int.o [1]
BSP_IntHandlerDMA1_CH3  0x08001147    0xa  Code  Gb  bsp_int.o [1]
BSP_IntHandlerDMA1_CH4  0x08001151    0xa  Code  Gb  bsp_int.o [1]
BSP_IntHandlerDMA1_CH5  0x0800115b    0xa  Code  Gb  bsp_int.o [1]
BSP_IntHandlerDMA1_CH6  0x08001165    0xa  Code  Gb  bsp_int.o [1]
BSP_IntHandlerDMA1_CH7  0x0800116f    0xa  Code  Gb  bsp_int.o [1]
BSP_IntHandlerDMA2_CH1  0x080012a5    0xa  Code  Gb  bsp_int.o [1]
BSP_IntHandlerDMA2_CH2  0x080012af    0xa  Code  Gb  bsp_int.o [1]
BSP_IntHandlerDMA2_CH3  0x080012b9    0xa  Code  Gb  bsp_int.o [1]
BSP_IntHandlerDMA2_CH4  0x080012c3    0xa  Code  Gb  bsp_int.o [1]
BSP_IntHandlerDMA2_CH5  0x080012cd    0xa  Code  Gb  bsp_int.o [1]
BSP_IntHandlerETH       0x080012d7    0xa  Code  Gb  bsp_int.o [1]
BSP_IntHandlerETHWakeup
                        0x080012e1    0xa  Code  Gb  bsp_int.o [1]
BSP_IntHandlerEXTI0     0x08001101    0xa  Code  Gb  bsp_int.o [1]
BSP_IntHandlerEXTI1     0x0800110b    0xa  Code  Gb  bsp_int.o [1]
BSP_IntHandlerEXTI15_10
                        0x0800124b    0xa  Code  Gb  bsp_int.o [1]
BSP_IntHandlerEXTI2     0x08001115    0xa  Code  Gb  bsp_int.o [1]
BSP_IntHandlerEXTI3     0x0800111f    0xa  Code  Gb  bsp_int.o [1]
BSP_IntHandlerEXTI4     0x08001129    0xa  Code  Gb  bsp_int.o [1]
BSP_IntHandlerEXTI9_5   0x080011ab    0xa  Code  Gb  bsp_int.o [1]
BSP_IntHandlerFLASH     0x080010ed    0xa  Code  Gb  bsp_int.o [1]
BSP_IntHandlerI2C1_ER   0x08001205    0xa  Code  Gb  bsp_int.o [1]
BSP_IntHandlerI2C1_EV   0x080011fb    0xa  Code  Gb  bsp_int.o [1]
BSP_IntHandlerI2C2_ER   0x08001219    0xa  Code  Gb  bsp_int.o [1]
BSP_IntHandlerI2C2_EV   0x0800120f    0xa  Code  Gb  bsp_int.o [1]
BSP_IntHandlerOTG       0x08001313    0xa  Code  Gb  bsp_int.o [1]
BSP_IntHandlerPVD       0x080010cf    0xa  Code  Gb  bsp_int.o [1]
BSP_IntHandlerRCC       0x080010f7    0xa  Code  Gb  bsp_int.o [1]
BSP_IntHandlerRTC       0x080010e3    0xa  Code  Gb  bsp_int.o [1]
BSP_IntHandlerRTCAlarm  0x08001255    0xa  Code  Gb  bsp_int.o [1]
BSP_IntHandlerSPI1      0x08001223    0xa  Code  Gb  bsp_int.o [1]
BSP_IntHandlerSPI2      0x0800122d    0xa  Code  Gb  bsp_int.o [1]
BSP_IntHandlerSPI3      0x08001273    0xa  Code  Gb  bsp_int.o [1]
BSP_IntHandlerTAMPER    0x080010d9    0xa  Code  Gb  bsp_int.o [1]
BSP_IntHandlerTIM1_BRK  0x080011b5    0xa  Code  Gb  bsp_int.o [1]
BSP_IntHandlerTIM1_CC   0x080011d3    0xa  Code  Gb  bsp_int.o [1]
BSP_IntHandlerTIM1_TRG_COM
                        0x080011c9    0xa  Code  Gb  bsp_int.o [1]
BSP_IntHandlerTIM1_UP   0x080011bf    0xa  Code  Gb  bsp_int.o [1]
BSP_IntHandlerTIM2      0x080011dd    0xa  Code  Gb  bsp_int.o [1]
BSP_IntHandlerTIM3      0x080011e7    0xa  Code  Gb  bsp_int.o [1]
BSP_IntHandlerTIM4      0x080011f1    0xa  Code  Gb  bsp_int.o [1]
BSP_IntHandlerTIM5      0x08001269    0xa  Code  Gb  bsp_int.o [1]
BSP_IntHandlerTIM6      0x08001291    0xa  Code  Gb  bsp_int.o [1]
BSP_IntHandlerTIM7      0x0800129b    0xa  Code  Gb  bsp_int.o [1]
BSP_IntHandlerUSART1    0x08001237    0xa  Code  Gb  bsp_int.o [1]
BSP_IntHandlerUSART3    0x08001241    0xa  Code  Gb  bsp_int.o [1]
BSP_IntHandlerUSART4    0x0800127d    0xa  Code  Gb  bsp_int.o [1]
BSP_IntHandlerUSART5    0x08001287    0xa  Code  Gb  bsp_int.o [1]
BSP_IntHandlerUSBWakeUp
                        0x0800125f    0xa  Code  Gb  bsp_int.o [1]
BSP_IntHandlerWWDG      0x080010c5    0xa  Code  Gb  bsp_int.o [1]
BSP_IntVectTbl          0x20000000  0x110  Data  Lc  bsp_int.o [1]
BSP_LED_Init            0x08000a3b   0x28  Code  Lc  bsp.o [1]
BSP_PeriphEn            0x08001b2d   0x84  Code  Gb  bsp_periph.o [1]
BSP_Ser_Init            0x08001a75   0xa4  Code  Gb  bsp_ser.o [1]
BSP_StatusInit          0x08000a63   0x1e  Code  Lc  bsp.o [1]
BfrAddByte              0x080015c9   0x36  Code  Gb  Buffer.o [1]
BfrClosed               0x08001595   0x10  Code  Gb  Buffer.o [1]
BfrEmpty                0x080015b7   0x12  Code  Gb  Buffer.o [1]
BfrFull                 0x080015a5   0x12  Code  Gb  Buffer.o [1]
BfrInit                 0x08001573   0x14  Code  Gb  Buffer.o [1]
BfrPairInit             0x0800149d   0x2a  Code  Gb  BfrPair.o [1]
BfrPairSwap             0x0800155f   0x14  Code  Gb  BfrPair.o [1]
BfrPairSwappable        0x0800153f   0x20  Code  Gb  BfrPair.o [1]
BfrRemByte              0x080015ff   0x36  Code  Gb  Buffer.o [1]
BfrReset                0x08001587    0xe  Code  Gb  Buffer.o [1]
CPU_CntLeadZeros        0x0800071f         Code  Gb  cpu_a.o [7]
CPU_IntDis              0x08000709         Code  Gb  cpu_a.o [7]
CPU_IntDisMeasCtr       0x20000474    0x2  Data  Gb  cpu_core.o [7]
CPU_IntDisMeasMaxCalc   0x080007e5   0x1a  Code  Lc  cpu_core.o [7]
CPU_IntDisMeasMaxCurGet
                        0x08000757   0x24  Code  Gb  cpu_core.o [7]
CPU_IntDisMeasMaxCurReset
                        0x08000735   0x22  Code  Gb  cpu_core.o [7]
CPU_IntDisMeasMaxCur_cnts
                        0x20000440    0x4  Data  Gb  cpu_core.o [7]
CPU_IntDisMeasMax_cnts  0x20000444    0x4  Data  Gb  cpu_core.o [7]
CPU_IntDisMeasOvrhd_cnts
                        0x2000043c    0x4  Data  Gb  cpu_core.o [7]
CPU_IntDisMeasStart     0x0800077b   0x28  Code  Gb  cpu_core.o [7]
CPU_IntDisMeasStart_cnts
                        0x20000434    0x4  Data  Gb  cpu_core.o [7]
CPU_IntDisMeasStop      0x080007a3   0x42  Code  Gb  cpu_core.o [7]
CPU_IntDisMeasStop_cnts
                        0x20000438    0x4  Data  Gb  cpu_core.o [7]
CPU_IntDisNestCtr       0x20000476    0x2  Data  Gb  cpu_core.o [7]
CPU_IntEn               0x0800070d         Code  Gb  cpu_a.o [7]
CPU_RevBits             0x08000725         Code  Gb  cpu_a.o [7]
CPU_SR_Restore          0x08000719         Code  Gb  cpu_a.o [7]
CPU_SR_Save             0x08000711         Code  Gb  cpu_a.o [7]
CPU_TS_TmrRd            0x08000a81    0x6  Code  Gb  bsp.o [1]
CPU_WaitForExcept       0x0800072f         Code  Gb  cpu_a.o [7]
CPU_WaitForInt          0x0800072b         Code  Gb  cpu_a.o [7]
CSTACK$$Base            0x20000480          --   Gb  - Linker created -
CSTACK$$Limit           0x20002480          --   Gb  - Linker created -
FLASH_PrefetchBufferCmd
                        0x08000f3d   0x20  Code  Gb  stm32f10x_flash.o [1]
FLASH_SetLatency        0x08000f1d   0x20  Code  Gb  stm32f10x_flash.o [1]
GPIO_Init               0x08000f61   0xec  Code  Gb  stm32f10x_gpio.o [1]
GPIO_PinRemapConfig     0x0800104d   0x72  Code  Gb  stm32f10x_gpio.o [1]
GetBfrClosed            0x080014f3   0x18  Code  Gb  BfrPair.o [1]
GetBfrRemByte           0x08001527   0x18  Code  Gb  BfrPair.o [1]
GetByte                 0x080013f7   0x3a  Code  Gb  SerIODriver.o [1]
InitSerIO               0x08001359   0x2a  Code  Gb  SerIODriver.o [1]
IntDis                  0x08001a3d    0xe  Code  Gb  Intrpt.o [1]
IntEn                   0x08001a4d   0x22  Code  Gb  Intrpt.o [1]
OSCtxSw                 0x08000897         Code  Gb  os_cpu_a.o [9]
OSIdleTaskTCB           0x20000110   0xd0  Data  Gb  __dbg_uCOS-III.o [9]
OSIntCtxSw              0x0800089f         Code  Gb  os_cpu_a.o [9]
OSIntEnter              0x08000151   0x24  Code  Gb  os_core.o [9]
OSIntExit               0x08000175  0x104  Code  Gb  os_core.o [9]
OSIntNestingCtr         0x2000047a    0x1  Data  Gb  __dbg_uCOS-III.o [9]
OSPrioCur               0x2000047c    0x1  Data  Gb  __dbg_uCOS-III.o [9]
OSPrioHighRdy           0x2000047d    0x1  Data  Gb  __dbg_uCOS-III.o [9]
OSPrioTbl               0x2000046c    0x4  Data  Gb  os_prio.o [9]
OSRdyList               0x20000380   0x60  Data  Gb  __dbg_uCOS-III.o [9]
OSRunning               0x2000047b    0x1  Data  Gb  __dbg_uCOS-III.o [9]
OSSched                 0x08000279   0xca  Code  Gb  os_core.o [9]
OSSchedLockNestingCtr   0x2000047e    0x1  Data  Gb  __dbg_uCOS-III.o [9]
OSSchedLockTimeMaxCur   0x20000450    0x4  Data  Gb  __dbg_uCOS-III.o [9]
OSSchedRoundRobinDfltTimeQuanta
                        0x20000454    0x4  Data  Gb  __dbg_uCOS-III.o [9]
OSSchedRoundRobinEn     0x2000047f    0x1  Data  Gb  __dbg_uCOS-III.o [9]
OSStartHighRdy          0x08000879         Code  Gb  os_cpu_a.o [9]
OSTCBCurPtr             0x20000464    0x4  Data  Gb  __dbg_uCOS-III.o [9]
OSTCBHighRdyPtr         0x20000468    0x4  Data  Gb  __dbg_uCOS-III.o [9]
OSTaskCtxSwCtr          0x20000458    0x4  Data  Gb  __dbg_uCOS-III.o [9]
OSTaskSemPost           0x08001635   0x26  Code  Gb  os_task.o [9]
OSTaskSwHook            0x08001739   0x98  Code  Gb  os_cpu_c.o [9]
OSTickTaskTCB           0x200001e0   0xd0  Data  Gb  __dbg_uCOS-III.o [9]
OSTimeTick              0x08001829   0x46  Code  Gb  os_time.o [9]
OSTimeTickHook          0x080017d1   0x12  Code  Gb  os_cpu_c.o [9]
OSTmrTaskTCB            0x200002b0   0xd0  Data  Gb  __dbg_uCOS-III.o [9]
OSTmrUpdateCnt          0x2000045c    0x4  Data  Gb  __dbg_uCOS-III.o [9]
OSTmrUpdateCtr          0x20000460    0x4  Data  Gb  __dbg_uCOS-III.o [9]
OS_AppTaskSwHookPtr     0x20000448    0x4  Data  Gb  __dbg_uCOS-III.o [9]
OS_AppTimeTickHookPtr   0x2000044c    0x4  Data  Gb  __dbg_uCOS-III.o [9]
OS_CPU_ExceptStkBase    0x20000430    0x4  Data  Gb  os_cpu_c.o [9]
OS_CPU_PendSVHandler    0x080008a7         Code  Gb  os_cpu_a.o [9]
OS_CPU_SysTickHandler   0x080017e3   0x2e  Code  Gb  os_cpu_c.o [9]
OS_PendDbgNameRemove    0x08000343   0x28  Code  Gb  os_core.o [9]
OS_PendListRemove       0x08000371   0x38  Code  Gb  os_core.o [9]
OS_PendListRemove1      0x080003a9   0x54  Code  Gb  os_core.o [9]
OS_Post                 0x080003fd   0xdc  Code  Gb  os_core.o [9]
OS_Post1                0x080004d9   0x2c  Code  Gb  os_core.o [9]
OS_PrioGetHighest       0x0800081d   0x26  Code  Gb  os_prio.o [9]
OS_PrioInsert           0x08000843   0x30  Code  Gb  os_prio.o [9]
OS_RdyListInsert        0x08000505   0x28  Code  Gb  os_core.o [9]
OS_RdyListInsertHead    0x08000531   0x42  Code  Gb  os_core.o [9]
OS_RdyListInsertTail    0x0800057d   0x40  Code  Gb  os_core.o [9]
OS_RdyListMoveHeadToTail
                        0x080005c1   0x4a  Code  Gb  os_core.o [9]
OS_SchedRoundRobin      0x08000611   0xac  Code  Gb  os_core.o [9]
OS_TaskRdy              0x080006e1   0x1a  Code  Gb  os_core.o [9]
OS_TaskSemPost          0x0800165b   0xda  Code  Gb  os_task.o [9]
OS_TickListRemove       0x0800090d   0x52  Code  Gb  os_tick.o [9]
Process                 0x0800198b   0x90  Code  Gb  Prog2.o [1]
Process::c              0x20000472    0x2  Data  Lc  Prog2.o [1]
Process::count          0x2000041c    0x4  Data  Lc  Prog2.o [1]
Process::numSkips       0x20000479    0x1  Data  Lc  Prog2.o [1]
Process::outsLeft       0x20000478    0x1  Data  Lc  Prog2.o [1]
PutBfrAddByte           0x0800150b   0x1c  Code  Gb  BfrPair.o [1]
PutBfrClosed            0x080014dd   0x16  Code  Gb  BfrPair.o [1]
PutBfrReset             0x080014c7   0x16  Code  Gb  BfrPair.o [1]
PutByte                 0x08001383   0x40  Code  Gb  SerIODriver.o [1]
RCC_ADCCLKConfig        0x08000c97   0x16  Code  Gb  stm32f10x_rcc.o [1]
RCC_APB2PeriphClockCmd  0x08000e69   0x20  Code  Gb  stm32f10x_rcc.o [1]
RCC_DeInit              0x08000a9d   0x5e  Code  Gb  stm32f10x_rcc.o [1]
RCC_GetClocksFreq       0x08000cb5  0x1b4  Code  Gb  stm32f10x_rcc.o [1]
RCC_GetFlagStatus       0x08000e89   0x46  Code  Gb  stm32f10x_rcc.o [1]
RCC_GetSYSCLKSource     0x08000c47    0xc  Code  Gb  stm32f10x_rcc.o [1]
RCC_HCLKConfig          0x08000c53   0x16  Code  Gb  stm32f10x_rcc.o [1]
RCC_HSEConfig           0x08000afb   0x56  Code  Gb  stm32f10x_rcc.o [1]
RCC_OTGFSCLKConfig      0x08000cad    0x8  Code  Gb  stm32f10x_rcc.o [1]
RCC_PCLK1Config         0x08000c69   0x16  Code  Gb  stm32f10x_rcc.o [1]
RCC_PCLK2Config         0x08000c7f   0x18  Code  Gb  stm32f10x_rcc.o [1]
RCC_PLL1Cmd             0x08000be1    0xc  Code  Gb  stm32f10x_rcc.o [1]
RCC_PLL1Config          0x08000bc3   0x1e  Code  Gb  stm32f10x_rcc.o [1]
RCC_PLL2Cmd             0x08000c03    0xc  Code  Gb  stm32f10x_rcc.o [1]
RCC_PLL2Config          0x08000bed   0x16  Code  Gb  stm32f10x_rcc.o [1]
RCC_PLL3Cmd             0x08000c25    0xc  Code  Gb  stm32f10x_rcc.o [1]
RCC_PLL3Config          0x08000c0f   0x16  Code  Gb  stm32f10x_rcc.o [1]
RCC_PREDIV1Config       0x08000b8d   0x20  Code  Gb  stm32f10x_rcc.o [1]
RCC_PREDIV2Config       0x08000bad   0x16  Code  Gb  stm32f10x_rcc.o [1]
RCC_SYSCLKConfig        0x08000c31   0x16  Code  Gb  stm32f10x_rcc.o [1]
RCC_WaitForHSEStartUp   0x08000b51   0x3c  Code  Gb  stm32f10x_rcc.o [1]
Region$$Table$$Base     0x08001c24          --   Gb  - Linker created -
Region$$Table$$Limit    0x08001c34          --   Gb  - Linker created -
SerialISR               0x08001491    0xc  Code  Gb  SerIODriver.o [1]
ServiceRx               0x08001431   0x38  Code  Gb  SerIODriver.o [1]
ServiceTx               0x080013c3   0x34  Code  Gb  SerIODriver.o [1]
USART_ClockInit         0x08001931   0x22  Code  Gb  stm32f10x_usart.o [1]
USART_Cmd               0x08001953   0x1e  Code  Gb  stm32f10x_usart.o [1]
USART_Init              0x08001889   0xa4  Code  Gb  stm32f10x_usart.o [1]
__cmain                 0x08001c35         Code  Gb  cmain.o [5]
__exit                  0x08001c69   0x14  Code  Gb  exit.o [6]
__iar_data_init3        0x08001bfd   0x28  Code  Gb  data_init.o [5]
__iar_program_start     0x08001c8d         Code  Gb  cstartup_M.o [5]
__iar_systems$$module {Abs}
                        0x00000001         Data  Gb  command line/config [2]
__iar_zero_init3        0x08001bbd   0x40  Code  Gb  zero_init3.o [5]
__low_level_init        0x08001c53    0x4  Code  Gb  low_level_init.o [3]
__vector_table          0x08000000  0x150  Data  Gb  app_vect.o [1]
_call_main              0x08001c41         Code  Gb  cmain.o [5]
_exit                   0x08001c5d         Code  Gb  cexit.o [5]
_main                   0x08001c4f         Code  Gb  cmain.o [5]
disableCnt              0x20000470    0x2  Data  Lc  Intrpt.o [1]
exit                    0x08001c57    0x4  Code  Gb  exit.o [3]
iBfr0Space              0x20000420    0x4  Data  Lc  SerIODriver.o [1]
iBfr1Space              0x20000424    0x4  Data  Lc  SerIODriver.o [1]
iBfrPair                0x200003e0   0x1c  Data  Lc  SerIODriver.o [1]
main                    0x08001971   0x1a  Code  Gb  Prog2.o [1]
oBfr0Space              0x20000428    0x4  Data  Lc  SerIODriver.o [1]
oBfr1Space              0x2000042c    0x4  Data  Lc  SerIODriver.o [1]
oBfrPair                0x200003fc   0x1c  Data  Lc  SerIODriver.o [1]
toupper                 0x08001b21    0xc  Code  Gb  toupper.o [3]


[1] = C:\Users\Lalit\Desktop\RTOS\programs\prog3\Prog2Starter\App\Flash\Obj
[2] = command line
[3] = dl7M_tln.a
[4] = m7M_tl.a
[5] = rt7M_tl.a
[6] = shb_l.a
[7] = uC-CPU-CM3-IAR.a
[8] = uC-LIB-CM3-IAR.a
[9] = uCOS-III-CM3-IAR.a

  6 952 bytes of readonly  code memory
    372 bytes of readonly  data memory
  9 344 bytes of readwrite data memory

Errors: none
Warnings: none
