###############################################################################
#                                                                             #
# IAR ELF Linker V6.10.2.52244/W32 for ARM              28/Mar/2011  14:05:17 #
# Copyright 2007-2010 IAR Systems AB.                                         #
#                                                                             #
#    Output file  =  C:\Documents and Settings\George Cheney\My               #
#                    Documents\16572\16572S2011\Prog5\App\Flash\Exe\Prog5.out #
#    Map file     =  C:\Documents and Settings\George Cheney\My               #
#                    Documents\16572\16572S2011\Prog5\App\Flash\List\Prog5.ma #
#                    p                                                        #
#    Command line =  "C:\Documents and Settings\George Cheney\My              #
#                    Documents\16572\16572S2011\Prog5\App\Flash\Obj\BfrPair.o #
#                    " "C:\Documents and Settings\George Cheney\My            #
#                    Documents\16572\16572S2011\Prog5\App\Flash\Obj\Buffer.o" #
#                     "C:\Documents and Settings\George Cheney\My             #
#                    Documents\16572\16572S2011\Prog5\App\Flash\Obj\Payload.o #
#                    " "C:\Documents and Settings\George Cheney\My            #
#                    Documents\16572\16572S2011\Prog5\App\Flash\Obj\PktParser #
#                    .o" "C:\Documents and Settings\George Cheney\My          #
#                    Documents\16572\16572S2011\Prog5\App\Flash\Obj\Prog5.o"  #
#                    "C:\Documents and Settings\George Cheney\My              #
#                    Documents\16572\16572S2011\Prog5\App\Flash\Obj\SerIODriv #
#                    er.o" "C:\Documents and Settings\George Cheney\My        #
#                    Documents\16572\16572S2011\Prog5\App\Flash\Obj\app_vect. #
#                    o" "C:\Documents and Settings\George Cheney\My           #
#                    Documents\16572\16572S2011\Prog5\App\Flash\Obj\bsp.o"    #
#                    "C:\Documents and Settings\George Cheney\My              #
#                    Documents\16572\16572S2011\Prog5\App\Flash\Obj\bsp_i2c.o #
#                    " "C:\Documents and Settings\George Cheney\My            #
#                    Documents\16572\16572S2011\Prog5\App\Flash\Obj\bsp_int.o #
#                    " "C:\Documents and Settings\George Cheney\My            #
#                    Documents\16572\16572S2011\Prog5\App\Flash\Obj\bsp_os.o" #
#                     "C:\Documents and Settings\George Cheney\My             #
#                    Documents\16572\16572S2011\Prog5\App\Flash\Obj\bsp_perip #
#                    h.o" "C:\Documents and Settings\George Cheney\My         #
#                    Documents\16572\16572S2011\Prog5\App\Flash\Obj\bsp_ser.o #
#                    " "C:\Documents and Settings\George Cheney\My            #
#                    Documents\16572\16572S2011\Prog5\App\Flash\Obj\bsp_stlm7 #
#                    5.o" "C:\Documents and Settings\George Cheney\My         #
#                    Documents\16572\16572S2011\Prog5\App\Flash\Obj\os_app_ho #
#                    oks.o" "C:\Documents and Settings\George Cheney\My       #
#                    Documents\16572\16572S2011\Prog5\App\Flash\Obj\os_cfg_ap #
#                    p.o" "C:\Documents and Settings\George Cheney\My         #
#                    Documents\16572\16572S2011\Prog5\App\Flash\Obj\os_dbg.o" #
#                     "C:\Documents and Settings\George Cheney\My             #
#                    Documents\16572\16572S2011\Prog5\App\Flash\Obj\stm32f10x #
#                    _adc.o" "C:\Documents and Settings\George Cheney\My      #
#                    Documents\16572\16572S2011\Prog5\App\Flash\Obj\stm32f10x #
#                    _bkp.o" "C:\Documents and Settings\George Cheney\My      #
#                    Documents\16572\16572S2011\Prog5\App\Flash\Obj\stm32f10x #
#                    _can.o" "C:\Documents and Settings\George Cheney\My      #
#                    Documents\16572\16572S2011\Prog5\App\Flash\Obj\stm32f10x #
#                    _crc.o" "C:\Documents and Settings\George Cheney\My      #
#                    Documents\16572\16572S2011\Prog5\App\Flash\Obj\stm32f10x #
#                    _dac.o" "C:\Documents and Settings\George Cheney\My      #
#                    Documents\16572\16572S2011\Prog5\App\Flash\Obj\stm32f10x #
#                    _dbgmcu.o" "C:\Documents and Settings\George Cheney\My   #
#                    Documents\16572\16572S2011\Prog5\App\Flash\Obj\stm32f10x #
#                    _dma.o" "C:\Documents and Settings\George Cheney\My      #
#                    Documents\16572\16572S2011\Prog5\App\Flash\Obj\stm32f10x #
#                    _exti.o" "C:\Documents and Settings\George Cheney\My     #
#                    Documents\16572\16572S2011\Prog5\App\Flash\Obj\stm32f10x #
#                    _flash.o" "C:\Documents and Settings\George Cheney\My    #
#                    Documents\16572\16572S2011\Prog5\App\Flash\Obj\stm32f10x #
#                    _fsmc.o" "C:\Documents and Settings\George Cheney\My     #
#                    Documents\16572\16572S2011\Prog5\App\Flash\Obj\stm32f10x #
#                    _gpio.o" "C:\Documents and Settings\George Cheney\My     #
#                    Documents\16572\16572S2011\Prog5\App\Flash\Obj\stm32f10x #
#                    _i2c.o" "C:\Documents and Settings\George Cheney\My      #
#                    Documents\16572\16572S2011\Prog5\App\Flash\Obj\stm32f10x #
#                    _iwdg.o" "C:\Documents and Settings\George Cheney\My     #
#                    Documents\16572\16572S2011\Prog5\App\Flash\Obj\stm32f10x #
#                    _lib.o" "C:\Documents and Settings\George Cheney\My      #
#                    Documents\16572\16572S2011\Prog5\App\Flash\Obj\stm32f10x #
#                    _nvic.o" "C:\Documents and Settings\George Cheney\My     #
#                    Documents\16572\16572S2011\Prog5\App\Flash\Obj\stm32f10x #
#                    _pwr.o" "C:\Documents and Settings\George Cheney\My      #
#                    Documents\16572\16572S2011\Prog5\App\Flash\Obj\stm32f10x #
#                    _rcc.o" "C:\Documents and Settings\George Cheney\My      #
#                    Documents\16572\16572S2011\Prog5\App\Flash\Obj\stm32f10x #
#                    _rtc.o" "C:\Documents and Settings\George Cheney\My      #
#                    Documents\16572\16572S2011\Prog5\App\Flash\Obj\stm32f10x #
#                    _sdio.o" "C:\Documents and Settings\George Cheney\My     #
#                    Documents\16572\16572S2011\Prog5\App\Flash\Obj\stm32f10x #
#                    _spi.o" "C:\Documents and Settings\George Cheney\My      #
#                    Documents\16572\16572S2011\Prog5\App\Flash\Obj\stm32f10x #
#                    _systick.o" "C:\Documents and Settings\George Cheney\My  #
#                    Documents\16572\16572S2011\Prog5\App\Flash\Obj\stm32f10x #
#                    _tim.o" "C:\Documents and Settings\George Cheney\My      #
#                    Documents\16572\16572S2011\Prog5\App\Flash\Obj\stm32f10x #
#                    _usart.o" "C:\Documents and Settings\George Cheney\My    #
#                    Documents\16572\16572S2011\Prog5\App\Flash\Obj\stm32f10x #
#                    _wwdg.o" "C:\Documents and Settings\George Cheney\My     #
#                    Documents\16572\16572S2011\Prog5\uCOS-III-Lib\uC-CPU-CM3 #
#                    -IAR.a" "C:\Documents and Settings\George Cheney\My      #
#                    Documents\16572\16572S2011\Prog5\uCOS-III-Lib\uC-LIB-CM3 #
#                    -IAR.a" "C:\Documents and Settings\George Cheney\My      #
#                    Documents\16572\16572S2011\Prog5\uCOS-III-Lib\uCOS-III-C #
#                    M3-IAR.a" -o "C:\Documents and Settings\George           #
#                    Cheney\My Documents\16572\16572S2011\Prog5\App\Flash\Exe #
#                    \Prog5.out" --map "C:\Documents and Settings\George      #
#                    Cheney\My Documents\16572\16572S2011\Prog5\App\Flash\Lis #
#                    t\Prog5.map" --config "C:\Documents and Settings\George  #
#                    Cheney\My Documents\16572\16572S2011\Prog5\App\..\BSP\ST #
#                    M32_FLASH.icf" --semihosting --entry __iar_program_start #
#                                                                             #
#                                                                             #
###############################################################################

*******************************************************************************
*** RUNTIME MODEL ATTRIBUTES
***

CppFlavor       = *
__SystemLibrary = DLib


*******************************************************************************
*** PLACEMENT SUMMARY
***

"A1":  place at 0x08000000 { ro section .intvec };
"P2":  place in [from 0x080000ec to 0x0803ffff] { ro };
"P3":  place in [from 0x20000000 to 0x2000ffff] { block CSTACK };
"P4":  place in [from 0x20000000 to 0x2000ffff] { rw, block HEAP };

  Section          Kind        Address    Size  Object
  -------          ----        -------    ----  ------
"A1":                                    0x150
  .intvec          const    0x08000000   0x150  app_vect.o [1]
                          - 0x08000150   0x150

"P2":                                   0x68bc
  .text            ro code  0x08000150   0xd22  xprintffull.o [3]
  .text            ro code  0x08000e72    0x22  zero_init3.o [5]
  .text            ro code  0x08000e94    0x16  strchr.o [5]
  .text            ro code  0x08000eaa     0xe  app_vect.o [1]
  .text            ro code  0x08000eb8    0x58  memchr.o [5]
  .text            ro code  0x08000f10    0x36  strlen.o [5]
  .text            ro code  0x08000f46     0xa  xsprout.o [3]
  .text            ro code  0x08000f50   0x12e  I64DivMod.o [5]
  .rodata          const    0x0800107e     0x2  os_cfg_app.o [1]
  .text            ro code  0x08001080    0x44  xdnorm.o [4]
  .text            ro code  0x080010c4    0x70  ABImemcpy.o [5]
  .text            ro code  0x08001134    0x2e  DblCmpLe.o [4]
  .rodata          const    0x08001162     0x2  os_cfg_app.o [1]
  .text            ro code  0x08001164    0x2e  DblCmpGe.o [4]
  .rodata          const    0x08001192     0x2  os_cfg_app.o [1]
  .text            ro code  0x08001194   0x118  xdscale.o [4]
  .text            ro code  0x080012ac    0x56  DblToI32.o [4]
  .rodata          const    0x08001302     0x2  os_dbg.o [1]
  .text            ro code  0x08001304    0x2e  I32ToDbl.o [4]
  .rodata          const    0x08001332     0x2  os_dbg.o [1]
  .text            ro code  0x08001334   0x17e  DblSub.o [4]
  .rodata          const    0x080014b2     0x2  os_dbg.o [1]
  .text            ro code  0x080014b4   0x1a2  DblMul.o [4]
  .rodata          const    0x08001656     0x2  os_dbg.o [1]
  .text            ro code  0x08001658   0x246  DblDiv.o [4]
  .text            ro code  0x0800189e     0xe  div.o [3]
  .text            ro code  0x080018ac     0x2  I64DivZer.o [5]
  .rodata          const    0x080018ae     0x2  os_dbg.o [1]
  .text            ro code  0x080018b0    0xe6  DblAdd.o [4]
  .rodata          const    0x08001996     0x2  os_dbg.o [1]
  .text            ro code  0x08001998   0xba6  os_core.o [9]
  .rodata          const    0x0800253e     0x2  os_dbg.o [1]
  .text            ro code  0x08002540    0xa4  os_prio.o [9]
  .text            ro code  0x080025e4   0x86c  os_task.o [9]
  .text            ro code  0x08002e50   0x508  os_tick.o [9]
  .text            ro code  0x08003358   0x3f4  os_stat.o [9]
  .text            ro code  0x0800374c    0x1c  os_flag.o [9]
  .text            ro code  0x08003768    0x1c  os_mem.o [9]
  .text            ro code  0x08003784    0xfc  os_msg.o [9]
  .text            ro code  0x08003880    0x1c  os_mutex.o [9]
  .text            ro code  0x0800389c    0x1c  os_q.o [9]
  .text            ro code  0x080038b8   0x3ca  os_sem.o [9]
  .rodata          const    0x08003c82     0x2  os_dbg.o [1]
  .text            ro code  0x08003c84   0x340  os_tmr.o [9]
  .text            ro code  0x08003fc4   0x234  os_dbg.o [1]
  .text            ro code  0x080041f8   0x26c  os_cpu_c.o [9]
  .text            ro code  0x08004464   0x114  os_cfg_app.o [1]
  CODE             ro code  0x08004578    0x2a  cpu_a.o [7]
  .rodata          const    0x080045a2     0x2  os_dbg.o [1]
  .text            ro code  0x080045a4   0x1d8  cpu_core.o [7]
  CODE             ro code  0x0800477c    0x94  os_cpu_a.o [9]
  .text            ro code  0x08004810   0x168  bsp.o [1]
  .text            ro code  0x08004978   0x11c  os_time.o [9]
  .text            ro code  0x08004a94    0x94  lib_mem.o [8]
  .text            ro code  0x08004b28   0x302  bsp_int.o [1]
  .rodata          const    0x08004e2a     0x2  os_dbg.o [1]
  .text            ro code  0x08004e2c   0x470  stm32f10x_rcc.o [1]
  .text            ro code  0x0800529c    0x44  stm32f10x_flash.o [1]
  .text            ro code  0x080052e0   0x1b0  stm32f10x_gpio.o [1]
  .text            ro code  0x08005490   0x14c  cpu_c.o [7]
  .text            ro code  0x080055dc   0x3cc  Payload.o [1]
  .text            ro code  0x080059a8   0x1ea  SerIODriver.o [1]
  .text            ro code  0x08005b92    0xec  BfrPair.o [1]
  .rodata          const    0x08005c7e     0x2  os_dbg.o [1]
  .text            ro code  0x08005c80    0x34  sprintf.o [3]
  .text            ro code  0x08005cb4    0xe0  Buffer.o [1]
  .text            ro code  0x08005d94   0x354  PktParser.o [1]
  .text            ro code  0x080060e8    0x44  strcpy.o [5]
  .text            ro code  0x0800612c   0x104  stm32f10x_usart.o [1]
  .text            ro code  0x08006230    0xe4  Prog5.o [1]
  .text            ro code  0x08006314    0xac  bsp_ser.o [1]
  .text            ro code  0x080063c0    0x90  bsp_periph.o [1]
  .rodata          const    0x08006450    0x34  os_dbg.o [1]
  .rodata          const    0x08006484    0x30  os_dbg.o [1]
  .rodata          const    0x080064b4    0x2c  os_dbg.o [1]
  .text            ro code  0x080064e0    0x2c  data_init3.o [5]
  .rodata          const    0x0800650c    0x28  Payload.o [1]
  .rodata          const    0x08006534    0x28  os_dbg.o [1]
  .rodata          const    0x0800655c    0x28  os_dbg.o [1]
  .rodata          const    0x08006584    0x24  Payload.o [1]
  .rodata          const    0x080065a8    0x24  Payload.o [1]
  .rodata          const    0x080065cc    0x24  Payload.o [1]
  .iar.init_table  const    0x080065f0    0x10  - Linker created -
  .rodata          const    0x08006600    0x20  Payload.o [1]
  .rodata          const    0x08006620    0x20  os_dbg.o [1]
  .rodata          const    0x08006640    0x1c  Payload.o [1]
  .rodata          const    0x0800665c    0x1c  Payload.o [1]
  .rodata          const    0x08006678    0x18  Payload.o [1]
  .rodata          const    0x08006690    0x18  Payload.o [1]
  .rodata          const    0x080066a8    0x18  Payload.o [1]
  .rodata          const    0x080066c0    0x18  Payload.o [1]
  .rodata          const    0x080066d8    0x18  Payload.o [1]
  .rodata          const    0x080066f0    0x18  Payload.o [1]
  .rodata          const    0x08006708    0x18  PktParser.o [1]
  .rodata          const    0x08006720    0x18  PktParser.o [1]
  .rodata          const    0x08006738    0x18  PktParser.o [1]
  .rodata          const    0x08006750    0x18  os_tmr.o [9]
  .text            ro code  0x08006768    0x16  cmain.o [5]
  .text            ro code  0x0800677e     0x4  low_level_init.o [3]
  .text            ro code  0x08006782     0x8  exit.o [3]
  .rodata          const    0x0800678a     0x2  os_dbg.o [1]
  .text            ro code  0x0800678c     0xa  cexit.o [5]
  .rodata          const    0x08006796     0x2  os_dbg.o [1]
  .text            ro code  0x08006798    0x14  exit.o [6]
  .rodata          const    0x080067ac    0x14  Payload.o [1]
  .rodata          const    0x080067c0    0x14  Payload.o [1]
  .rodata          const    0x080067d4    0x14  Payload.o [1]
  .rodata          const    0x080067e8    0x14  Payload.o [1]
  .rodata          const    0x080067fc    0x14  PktParser.o [1]
  .rodata          const    0x08006810    0x14  os_core.o [9]
  .rodata          const    0x08006824    0x14  os_stat.o [9]
  .rodata          const    0x08006838    0x14  os_tick.o [9]
  .rodata          const    0x0800684c    0x10  Payload.o [1]
  .rodata          const    0x0800685c    0x10  Payload.o [1]
  .rodata          const    0x0800686c    0x10  Payload.o [1]
  .rodata          const    0x0800687c    0x10  Payload.o [1]
  .rodata          const    0x0800688c    0x10  PktParser.o [1]
  .rodata          const    0x0800689c    0x10  PktParser.o [1]
  .rodata          const    0x080068ac    0x10  PktParser.o [1]
  .rodata          const    0x080068bc    0x10  PktParser.o [1]
  .rodata          const    0x080068cc    0x10  SerIODriver.o [1]
  .rodata          const    0x080068dc    0x10  stm32f10x_rcc.o [1]
  .rodata          const    0x080068ec     0xc  Payload.o [1]
  .rodata          const    0x080068f8     0xc  PktParser.o [1]
  .rodata          const    0x08006904     0xc  Prog5.o [1]
  .rodata          const    0x08006910     0xc  SerIODriver.o [1]
  .rodata          const    0x0800691c     0xc  os_core.o [9]
  .text            ro code  0x08006928     0xc  cstartup_M.o [5]
  .rodata          const    0x08006934     0x8  Payload.o [1]
  .rodata          const    0x0800693c     0x8  os_task.o [9]
  .rodata          const    0x08006944     0x8  os_core.o [9]
  .rodata          const    0x0800694c     0x4  os_cfg_app.o [1]
  .rodata          const    0x08006950     0x4  os_cfg_app.o [1]
  .rodata          const    0x08006954     0x4  os_cfg_app.o [1]
  .rodata          const    0x08006958     0x4  os_cfg_app.o [1]
  .rodata          const    0x0800695c     0x4  os_cfg_app.o [1]
  .rodata          const    0x08006960     0x4  os_cfg_app.o [1]
  .rodata          const    0x08006964     0x4  os_cfg_app.o [1]
  .rodata          const    0x08006968     0x4  os_cfg_app.o [1]
  .rodata          const    0x0800696c     0x4  os_cfg_app.o [1]
  .rodata          const    0x08006970     0x4  os_cfg_app.o [1]
  .rodata          const    0x08006974     0x4  os_cfg_app.o [1]
  .rodata          const    0x08006978     0x4  os_cfg_app.o [1]
  .rodata          const    0x0800697c     0x4  os_cfg_app.o [1]
  .rodata          const    0x08006980     0x4  os_cfg_app.o [1]
  .rodata          const    0x08006984     0x4  os_cfg_app.o [1]
  .rodata          const    0x08006988     0x4  os_cfg_app.o [1]
  .rodata          const    0x0800698c     0x4  os_cfg_app.o [1]
  .rodata          const    0x08006990     0x4  os_cfg_app.o [1]
  .rodata          const    0x08006994     0x4  os_cfg_app.o [1]
  .rodata          const    0x08006998     0x4  os_cfg_app.o [1]
  .rodata          const    0x0800699c     0x4  os_cfg_app.o [1]
  .rodata          const    0x080069a0     0x4  os_cfg_app.o [1]
  .rodata          const    0x080069a4     0x4  os_cfg_app.o [1]
  .rodata          const    0x080069a8     0x4  os_cfg_app.o [1]
  .rodata          const    0x080069ac     0x4  os_cfg_app.o [1]
  .rodata          const    0x080069b0     0x4  os_cfg_app.o [1]
  .rodata          const    0x080069b4     0x4  os_cfg_app.o [1]
  .rodata          const    0x080069b8     0x4  os_cfg_app.o [1]
  .rodata          const    0x080069bc     0x4  os_dbg.o [1]
  .rodata          const    0x080069c0     0x4  os_dbg.o [1]
  .rodata          const    0x080069c4     0x4  os_dbg.o [1]
  .rodata          const    0x080069c8     0x4  stm32f10x_rcc.o [1]
  .rodata          const    0x080069cc     0x2  os_dbg.o [1]
  .rodata          const    0x080069ce     0x2  os_dbg.o [1]
  .rodata          const    0x080069d0     0x2  os_dbg.o [1]
  .rodata          const    0x080069d2     0x2  os_dbg.o [1]
  .rodata          const    0x080069d4     0x2  os_dbg.o [1]
  .rodata          const    0x080069d6     0x2  os_dbg.o [1]
  .rodata          const    0x080069d8     0x2  os_dbg.o [1]
  .rodata          const    0x080069da     0x2  os_dbg.o [1]
  .rodata          const    0x080069dc     0x2  os_dbg.o [1]
  .rodata          const    0x080069de     0x2  os_dbg.o [1]
  .rodata          const    0x080069e0     0x1  PktParser.o [1]
  .rodata          const    0x080069e1     0x1  os_cfg_app.o [1]
  .rodata          const    0x080069e2     0x1  os_cfg_app.o [1]
  .rodata          const    0x080069e3     0x1  os_cfg_app.o [1]
  .rodata          const    0x080069e4     0x1  os_dbg.o [1]
  .rodata          const    0x080069e5     0x1  os_dbg.o [1]
  .rodata          const    0x080069e6     0x1  os_dbg.o [1]
  .rodata          const    0x080069e7     0x1  os_dbg.o [1]
  .rodata          const    0x080069e8     0x1  os_dbg.o [1]
  .rodata          const    0x080069e9     0x1  os_dbg.o [1]
  .rodata          const    0x080069ea     0x1  os_dbg.o [1]
  .rodata          const    0x080069eb     0x1  os_dbg.o [1]
  .rodata          const    0x080069ec     0x1  os_dbg.o [1]
  .rodata          const    0x080069ed     0x1  os_dbg.o [1]
  .rodata          const    0x080069ee     0x1  os_dbg.o [1]
  .rodata          const    0x080069ef     0x1  os_dbg.o [1]
  .rodata          const    0x080069f0     0x1  os_dbg.o [1]
  .rodata          const    0x080069f1     0x1  os_dbg.o [1]
  .rodata          const    0x080069f2     0x1  os_dbg.o [1]
  .rodata          const    0x080069f3     0x1  os_dbg.o [1]
  .rodata          const    0x080069f4     0x1  os_dbg.o [1]
  .rodata          const    0x080069f5     0x1  os_dbg.o [1]
  .rodata          const    0x080069f6     0x1  os_dbg.o [1]
  .rodata          const    0x080069f7     0x1  os_dbg.o [1]
  .rodata          const    0x080069f8     0x1  os_dbg.o [1]
  .rodata          const    0x080069f9     0x1  os_dbg.o [1]
  .rodata          const    0x080069fa     0x1  os_dbg.o [1]
  .rodata          const    0x080069fb     0x1  os_dbg.o [1]
  .rodata          const    0x080069fc     0x1  os_dbg.o [1]
  .rodata          const    0x080069fd     0x1  os_dbg.o [1]
  .rodata          const    0x080069fe     0x1  os_dbg.o [1]
  .rodata          const    0x080069ff     0x1  os_dbg.o [1]
  .rodata          const    0x08006a00     0x1  os_dbg.o [1]
  .rodata          const    0x08006a01     0x1  os_dbg.o [1]
  .rodata          const    0x08006a02     0x1  os_dbg.o [1]
  .rodata          const    0x08006a03     0x1  os_dbg.o [1]
  .rodata          const    0x08006a04     0x1  os_dbg.o [1]
  .rodata          const    0x08006a05     0x1  os_dbg.o [1]
  .rodata          const    0x08006a06     0x1  os_dbg.o [1]
  .rodata          const    0x08006a07     0x1  os_dbg.o [1]
  .rodata          const    0x08006a08     0x1  os_dbg.o [1]
  .rodata          const    0x08006a09     0x1  os_dbg.o [1]
                          - 0x08006a0a  0x68ba

"P3":                                   0x1000
  CSTACK                    0x20000000  0x1000  <Block>
    CSTACK         uninit   0x20000000  0x1000  <Block tail>
                          - 0x20001000  0x1000

"P4":                                   0x24b0
  .bss             zero     0x20001000   0x640  os_cfg_app.o [1]
  .bss             zero     0x20001640   0x400  Payload.o [1]
  .bss             zero     0x20001a40   0x400  PktParser.o [1]
  .bss             zero     0x20001e40   0x200  Prog5.o [1]
  .bss             zero     0x20002040   0x200  os_cfg_app.o [1]
  .bss             zero     0x20002240   0x200  os_cfg_app.o [1]
  .bss             zero     0x20002440   0x200  os_cfg_app.o [1]
  .bss             zero     0x20002640   0x200  os_cfg_app.o [1]
  .bss             zero     0x20002840   0x200  os_cfg_app.o [1]
  .bss             zero     0x20002a40   0x110  bsp_int.o [1]
  .bss             zero     0x20002b50    0xd0  Payload.o [1]
  .bss             zero     0x20002c20    0xd0  PktParser.o [1]
  .bss             zero     0x20002cf0    0xd0  Prog5.o [1]
  .bss             zero     0x20002dc0    0xd0  __dbg_uCOS-III.o [9]
  .bss             zero     0x20002e90    0xd0  __dbg_uCOS-III.o [9]
  .bss             zero     0x20002f60    0xd0  __dbg_uCOS-III.o [9]
  .bss             zero     0x20003030    0xd0  __dbg_uCOS-III.o [9]
  .bss             zero     0x20003100    0x68  os_cfg_app.o [1]
  .bss             zero     0x20003168    0x68  os_cfg_app.o [1]
  .bss             zero     0x200031d0    0x60  __dbg_uCOS-III.o [9]
  .bss             zero     0x20003230    0x54  PktParser.o [1]
  .bss             zero     0x20003284    0x54  PktParser.o [1]
  .bss             zero     0x200032d8    0x28  PktParser.o [1]
  .bss             zero     0x20003300    0x28  PktParser.o [1]
  .bss             zero     0x20003328    0x28  SerIODriver.o [1]
  .bss             zero     0x20003350    0x28  SerIODriver.o [1]
  .bss             zero     0x20003378    0x18  PktParser.o [1]
  .bss             zero     0x20003390    0x18  SerIODriver.o [1]
  .bss             zero     0x200033a8    0x18  SerIODriver.o [1]
  .bss             zero     0x200033c0    0x10  cpu_core.o [7]
  .bss             zero     0x200033d0     0x8  __dbg_uCOS-III.o [9]
  .bss             zero     0x200033d8     0x4  PktParser.o [1]
  .bss             zero     0x200033dc     0x4  SerIODriver.o [1]
  .bss             zero     0x200033e0     0x4  SerIODriver.o [1]
  .bss             zero     0x200033e4     0x4  SerIODriver.o [1]
  .bss             zero     0x200033e8     0x4  SerIODriver.o [1]
  .bss             zero     0x200033ec     0x4  bsp.o [1]
  .bss             zero     0x200033f0     0x4  cpu_core.o [7]
  .bss             zero     0x200033f4     0x4  cpu_core.o [7]
  .bss             zero     0x200033f8     0x4  cpu_core.o [7]
  .bss             zero     0x200033fc     0x4  cpu_core.o [7]
  .bss             zero     0x20003400     0x4  cpu_core.o [7]
  .bss             zero     0x20003404     0x4  cpu_core.o [7]
  .bss             zero     0x20003408     0x4  os_cpu_c.o [9]
  .bss             zero     0x2000340c     0x4  __dbg_uCOS-III.o [9]
  .bss             zero     0x20003410     0x4  __dbg_uCOS-III.o [9]
  .bss             zero     0x20003414     0x4  __dbg_uCOS-III.o [9]
  .bss             zero     0x20003418     0x4  __dbg_uCOS-III.o [9]
  .bss             zero     0x2000341c     0x4  __dbg_uCOS-III.o [9]
  .bss             zero     0x20003420     0x4  __dbg_uCOS-III.o [9]
  .bss             zero     0x20003424     0x4  __dbg_uCOS-III.o [9]
  .bss             zero     0x20003428     0x4  __dbg_uCOS-III.o [9]
  .bss             zero     0x2000342c     0x4  __dbg_uCOS-III.o [9]
  .bss             zero     0x20003430     0x4  __dbg_uCOS-III.o [9]
  .bss             zero     0x20003434     0x4  __dbg_uCOS-III.o [9]
  .bss             zero     0x20003438     0x4  __dbg_uCOS-III.o [9]
  .bss             zero     0x2000343c     0x4  __dbg_uCOS-III.o [9]
  .bss             zero     0x20003440     0x4  __dbg_uCOS-III.o [9]
  .bss             zero     0x20003444     0x4  __dbg_uCOS-III.o [9]
  .bss             zero     0x20003448     0x4  __dbg_uCOS-III.o [9]
  .bss             zero     0x2000344c     0x4  __dbg_uCOS-III.o [9]
  .bss             zero     0x20003450     0x4  __dbg_uCOS-III.o [9]
  .bss             zero     0x20003454     0x4  __dbg_uCOS-III.o [9]
  .bss             zero     0x20003458     0x4  __dbg_uCOS-III.o [9]
  .bss             zero     0x2000345c     0x4  __dbg_uCOS-III.o [9]
  .bss             zero     0x20003460     0x4  __dbg_uCOS-III.o [9]
  .bss             zero     0x20003464     0x4  __dbg_uCOS-III.o [9]
  .bss             zero     0x20003468     0x4  __dbg_uCOS-III.o [9]
  .bss             zero     0x2000346c     0x4  __dbg_uCOS-III.o [9]
  .bss             zero     0x20003470     0x4  __dbg_uCOS-III.o [9]
  .bss             zero     0x20003474     0x4  __dbg_uCOS-III.o [9]
  .bss             zero     0x20003478     0x4  __dbg_uCOS-III.o [9]
  .bss             zero     0x2000347c     0x4  __dbg_uCOS-III.o [9]
  .bss             zero     0x20003480     0x4  __dbg_uCOS-III.o [9]
  .bss             zero     0x20003484     0x4  __dbg_uCOS-III.o [9]
  .bss             zero     0x20003488     0x4  __dbg_uCOS-III.o [9]
  .bss             zero     0x2000348c     0x4  __dbg_uCOS-III.o [9]
  .bss             zero     0x20003490     0x4  os_prio.o [9]
  .bss             zero     0x20003494     0x2  cpu_core.o [7]
  .bss             zero     0x20003496     0x2  cpu_core.o [7]
  .bss             zero     0x20003498     0x2  __dbg_uCOS-III.o [9]
  .bss             zero     0x2000349a     0x2  __dbg_uCOS-III.o [9]
  .bss             zero     0x2000349c     0x2  __dbg_uCOS-III.o [9]
  .bss             zero     0x2000349e     0x2  __dbg_uCOS-III.o [9]
  .bss             zero     0x200034a0     0x2  __dbg_uCOS-III.o [9]
  .bss             zero     0x200034a2     0x2  __dbg_uCOS-III.o [9]
  .bss             zero     0x200034a4     0x1  PktParser.o [1]
  .bss             zero     0x200034a5     0x1  PktParser.o [1]
  .bss             zero     0x200034a6     0x1  PktParser.o [1]
  .bss             zero     0x200034a7     0x1  __dbg_uCOS-III.o [9]
  .bss             zero     0x200034a8     0x1  __dbg_uCOS-III.o [9]
  .bss             zero     0x200034a9     0x1  __dbg_uCOS-III.o [9]
  .bss             zero     0x200034aa     0x1  __dbg_uCOS-III.o [9]
  .bss             zero     0x200034ab     0x1  __dbg_uCOS-III.o [9]
  .bss             zero     0x200034ac     0x1  __dbg_uCOS-III.o [9]
  .bss             zero     0x200034ad     0x1  __dbg_uCOS-III.o [9]
  .bss             zero     0x200034ae     0x1  __dbg_uCOS-III.o [9]
                          - 0x200034af  0x24af


*******************************************************************************
*** INIT TABLE
***

          Address     Size
          -------     ----
Zero (__iar_zero_init3)
    1 destination range, total size 0x24af:
          0x20001000  0x24af


*******************************************************************************
*** MODULE SUMMARY
***

    Module             ro code  ro data  rw data
    ------             -------  -------  -------
C:\Documents and Settings\George Cheney\My Documents\16572\16572S2011\Prog5\App\Flash\Obj: [1]
    BfrPair.o              236
    Buffer.o               224
    Payload.o              972      544    1 232
    PktParser.o            852      169    1 511
    Prog5.o                228       12      720
    SerIODriver.o          490       28      144
    app_vect.o              14      336
    bsp.o                  360                 4
    bsp_int.o              770               272
    bsp_periph.o           144
    bsp_ser.o              172
    os_cfg_app.o           276      121    4 368
    os_dbg.o               564      352
    stm32f10x_flash.o       68
    stm32f10x_gpio.o       432
    stm32f10x_rcc.o      1 136       20
    stm32f10x_usart.o      260
    --------------------------------------------
    Total:               7 198    1 582    8 251

command line: [2]
    --------------------------------------------
    Total:

dl7M_tln.a: [3]
    div.o                   14
    exit.o                   8
    low_level_init.o         4
    sprintf.o               52
    xprintffull.o        3 362
    xsprout.o               10
    --------------------------------------------
    Total:               3 450

m7M_tl.a: [4]
    DblAdd.o               230
    DblCmpGe.o              46
    DblCmpLe.o              46
    DblDiv.o               582
    DblMul.o               418
    DblSub.o               382
    DblToI32.o              86
    I32ToDbl.o              46
    xdnorm.o                68
    xdscale.o              280
    --------------------------------------------
    Total:               2 184

rt7M_tl.a: [5]
    ABImemcpy.o            112
    I64DivMod.o            302
    I64DivZer.o              2
    cexit.o                 10
    cmain.o                 22
    cstartup_M.o            12
    data_init3.o            44
    memchr.o                88
    strchr.o                22
    strcpy.o                68
    strlen.o                54
    zero_init3.o            34
    --------------------------------------------
    Total:                 770

shb_l.a: [6]
    exit.o                  20
    --------------------------------------------
    Total:                  20

uC-CPU-CM3-IAR.a: [7]
    cpu_a.o                 42
    cpu_c.o                332
    cpu_core.o             472                44
    --------------------------------------------
    Total:                 846                44

uC-LIB-CM3-IAR.a: [8]
    lib_mem.o              148
    --------------------------------------------
    Total:                 148

uCOS-III-CM3-IAR.a: [9]
    __dbg_uCOS-III.o                       1 088
    os_core.o            2 982       40
    os_cpu_a.o             148
    os_cpu_c.o             620                 4
    os_flag.o               28
    os_mem.o                28
    os_msg.o               252
    os_mutex.o              28
    os_prio.o              164                 4
    os_q.o                  28
    os_sem.o               970
    os_stat.o            1 012       20
    os_task.o            2 156        8
    os_tick.o            1 288       20
    os_time.o              284
    os_tmr.o               832       24
    --------------------------------------------
    Total:              10 820      112    1 096

    Linker created                   16    4 096
------------------------------------------------
    Grand Total:        25 436    1 710   13 487


*******************************************************************************
*** ENTRY LIST
***

Entry                      Address   Size  Type      Object
-----                      -------   ----  ----      ------
?main                   0x08006769         Code  Gb  cmain.o [5]
ADCPrescTable           0x080069c8    0x4  Data  Lc  stm32f10x_rcc.o [1]
APBAHBPrescTable        0x080068dc   0x10  Data  Lc  stm32f10x_rcc.o [1]
App_BusFault_ISR        0x08000eaf    0x2  Code  Lc  app_vect.o [1]
App_Fault_ISR           0x08000ead    0x2  Code  Lc  app_vect.o [1]
App_MemFault_ISR        0x08000eb3    0x2  Code  Lc  app_vect.o [1]
App_NMI_ISR             0x08000eab    0x2  Code  Lc  app_vect.o [1]
App_Reserved_ISR        0x08000eb7    0x2  Code  Lc  app_vect.o [1]
App_Spurious_ISR        0x08000eb5    0x2  Code  Lc  app_vect.o [1]
App_UsageFault_ISR      0x08000eb1    0x2  Code  Lc  app_vect.o [1]
BCDToINT16U             0x080057b9   0x3a  Code  Gb  Payload.o [1]
BSP_CPU_ClkFreq         0x080048df   0x10  Code  Gb  bsp.o [1]
BSP_CPU_ClkFreq_MHz     0x200033ec    0x4  Data  Gb  bsp.o [1]
BSP_Init                0x08004811   0xce  Code  Gb  bsp.o [1]
BSP_IntDisAll           0x08004b29    0x8  Code  Gb  bsp_int.o [1]
BSP_IntEn               0x08004b31   0x14  Code  Gb  bsp_int.o [1]
BSP_IntHandler          0x08004de7   0x38  Code  Lc  bsp_int.o [1]
BSP_IntHandlerADC1_2    0x08004c39    0xa  Code  Gb  bsp_int.o [1]
BSP_IntHandlerCAN1_RX0  0x08004c4d    0xa  Code  Gb  bsp_int.o [1]
BSP_IntHandlerCAN1_RX1  0x08004c57    0xa  Code  Gb  bsp_int.o [1]
BSP_IntHandlerCAN1_SCE  0x08004c61    0xa  Code  Gb  bsp_int.o [1]
BSP_IntHandlerCAN1_TX   0x08004c43    0xa  Code  Gb  bsp_int.o [1]
BSP_IntHandlerCAN2_RX0  0x08004dbf    0xa  Code  Gb  bsp_int.o [1]
BSP_IntHandlerCAN2_RX1  0x08004dc9    0xa  Code  Gb  bsp_int.o [1]
BSP_IntHandlerCAN2_SCE  0x08004dd3    0xa  Code  Gb  bsp_int.o [1]
BSP_IntHandlerCAN2_TX   0x08004db5    0xa  Code  Gb  bsp_int.o [1]
BSP_IntHandlerDMA1_CH1  0x08004bf3    0xa  Code  Gb  bsp_int.o [1]
BSP_IntHandlerDMA1_CH2  0x08004bfd    0xa  Code  Gb  bsp_int.o [1]
BSP_IntHandlerDMA1_CH3  0x08004c07    0xa  Code  Gb  bsp_int.o [1]
BSP_IntHandlerDMA1_CH4  0x08004c11    0xa  Code  Gb  bsp_int.o [1]
BSP_IntHandlerDMA1_CH5  0x08004c1b    0xa  Code  Gb  bsp_int.o [1]
BSP_IntHandlerDMA1_CH6  0x08004c25    0xa  Code  Gb  bsp_int.o [1]
BSP_IntHandlerDMA1_CH7  0x08004c2f    0xa  Code  Gb  bsp_int.o [1]
BSP_IntHandlerDMA2_CH1  0x08004d6f    0xa  Code  Gb  bsp_int.o [1]
BSP_IntHandlerDMA2_CH2  0x08004d79    0xa  Code  Gb  bsp_int.o [1]
BSP_IntHandlerDMA2_CH3  0x08004d83    0xa  Code  Gb  bsp_int.o [1]
BSP_IntHandlerDMA2_CH4  0x08004d8d    0xa  Code  Gb  bsp_int.o [1]
BSP_IntHandlerDMA2_CH5  0x08004d97    0xa  Code  Gb  bsp_int.o [1]
BSP_IntHandlerDummy     0x08004e29    0x2  Code  Lc  bsp_int.o [1]
BSP_IntHandlerETH       0x08004da1    0xa  Code  Gb  bsp_int.o [1]
BSP_IntHandlerETHWakeup
                        0x08004dab    0xa  Code  Gb  bsp_int.o [1]
BSP_IntHandlerEXTI0     0x08004bc1    0xa  Code  Gb  bsp_int.o [1]
BSP_IntHandlerEXTI1     0x08004bcb    0xa  Code  Gb  bsp_int.o [1]
BSP_IntHandlerEXTI15_10
                        0x08004d15    0xa  Code  Gb  bsp_int.o [1]
BSP_IntHandlerEXTI2     0x08004bd5    0xa  Code  Gb  bsp_int.o [1]
BSP_IntHandlerEXTI3     0x08004bdf    0xa  Code  Gb  bsp_int.o [1]
BSP_IntHandlerEXTI4     0x08004be9    0xa  Code  Gb  bsp_int.o [1]
BSP_IntHandlerEXTI9_5   0x08004c6b    0xa  Code  Gb  bsp_int.o [1]
BSP_IntHandlerFLASH     0x08004bad    0xa  Code  Gb  bsp_int.o [1]
BSP_IntHandlerI2C1_ER   0x08004cc5    0xa  Code  Gb  bsp_int.o [1]
BSP_IntHandlerI2C1_EV   0x08004cbb    0xa  Code  Gb  bsp_int.o [1]
BSP_IntHandlerI2C2_ER   0x08004cd9    0xa  Code  Gb  bsp_int.o [1]
BSP_IntHandlerI2C2_EV   0x08004ccf    0xa  Code  Gb  bsp_int.o [1]
BSP_IntHandlerOTG       0x08004ddd    0xa  Code  Gb  bsp_int.o [1]
BSP_IntHandlerPVD       0x08004b8f    0xa  Code  Gb  bsp_int.o [1]
BSP_IntHandlerRCC       0x08004bb7    0xa  Code  Gb  bsp_int.o [1]
BSP_IntHandlerRTC       0x08004ba3    0xa  Code  Gb  bsp_int.o [1]
BSP_IntHandlerRTCAlarm  0x08004d1f    0xa  Code  Gb  bsp_int.o [1]
BSP_IntHandlerSPI1      0x08004ce3    0xa  Code  Gb  bsp_int.o [1]
BSP_IntHandlerSPI2      0x08004ced    0xa  Code  Gb  bsp_int.o [1]
BSP_IntHandlerSPI3      0x08004d3d    0xa  Code  Gb  bsp_int.o [1]
BSP_IntHandlerTAMPER    0x08004b99    0xa  Code  Gb  bsp_int.o [1]
BSP_IntHandlerTIM1_BRK  0x08004c75    0xa  Code  Gb  bsp_int.o [1]
BSP_IntHandlerTIM1_CC   0x08004c93    0xa  Code  Gb  bsp_int.o [1]
BSP_IntHandlerTIM1_TRG_COM
                        0x08004c89    0xa  Code  Gb  bsp_int.o [1]
BSP_IntHandlerTIM1_UP   0x08004c7f    0xa  Code  Gb  bsp_int.o [1]
BSP_IntHandlerTIM2      0x08004c9d    0xa  Code  Gb  bsp_int.o [1]
BSP_IntHandlerTIM3      0x08004ca7    0xa  Code  Gb  bsp_int.o [1]
BSP_IntHandlerTIM4      0x08004cb1    0xa  Code  Gb  bsp_int.o [1]
BSP_IntHandlerTIM5      0x08004d33    0xa  Code  Gb  bsp_int.o [1]
BSP_IntHandlerTIM6      0x08004d5b    0xa  Code  Gb  bsp_int.o [1]
BSP_IntHandlerTIM7      0x08004d65    0xa  Code  Gb  bsp_int.o [1]
BSP_IntHandlerUSART1    0x08004cf7    0xa  Code  Gb  bsp_int.o [1]
BSP_IntHandlerUSART2    0x08004d01    0xa  Code  Gb  bsp_int.o [1]
BSP_IntHandlerUSART3    0x08004d0b    0xa  Code  Gb  bsp_int.o [1]
BSP_IntHandlerUSART4    0x08004d47    0xa  Code  Gb  bsp_int.o [1]
BSP_IntHandlerUSART5    0x08004d51    0xa  Code  Gb  bsp_int.o [1]
BSP_IntHandlerUSBWakeUp
                        0x08004d29    0xa  Code  Gb  bsp_int.o [1]
BSP_IntHandlerWWDG      0x08004b85    0xa  Code  Gb  bsp_int.o [1]
BSP_IntInit             0x08004b6d   0x18  Code  Gb  bsp_int.o [1]
BSP_IntVectSet          0x08004b45   0x28  Code  Gb  bsp_int.o [1]
BSP_IntVectTbl          0x20002a40  0x110  Data  Lc  bsp_int.o [1]
BSP_LED_Init            0x080048ef   0x28  Code  Lc  bsp.o [1]
BSP_PeriphEn            0x080063c1   0x84  Code  Gb  bsp_periph.o [1]
BSP_Ser_Init            0x08006315   0xa4  Code  Gb  bsp_ser.o [1]
BSP_StatusInit          0x08004917   0x1e  Code  Lc  bsp.o [1]
BfrAddByte              0x08005d1d   0x3c  Code  Gb  Buffer.o [1]
BfrClose                0x08005ce5    0x6  Code  Gb  Buffer.o [1]
BfrClosed               0x08005ce1    0x4  Code  Gb  Buffer.o [1]
BfrEmpty                0x08005d07   0x16  Code  Gb  Buffer.o [1]
BfrFull                 0x08005cf1   0x16  Code  Gb  Buffer.o [1]
BfrInit                 0x08005cb5   0x1a  Code  Gb  Buffer.o [1]
BfrOpen                 0x08005ceb    0x6  Code  Gb  Buffer.o [1]
BfrPairInit             0x08005b93   0x2a  Code  Gb  BfrPair.o [1]
BfrPairSwap             0x08005c63   0x1c  Code  Gb  BfrPair.o [1]
BfrRemoveByte           0x08005d59   0x3c  Code  Gb  Buffer.o [1]
BfrReset                0x08005ccf   0x12  Code  Gb  Buffer.o [1]
ByteSwap                0x08005787   0x26  Code  Gb  Payload.o [1]
CPU_CntLeadZeros        0x0800458f         Code  Gb  cpu_a.o [7]
CPU_Init                0x080045a5   0x10  Code  Gb  cpu_core.o [7]
CPU_IntDis              0x08004579         Code  Gb  cpu_a.o [7]
CPU_IntDisMeasCtr       0x20003494    0x2  Data  Gb  cpu_core.o [7]
CPU_IntDisMeasInit      0x080046c3   0x7a  Code  Lc  cpu_core.o [7]
CPU_IntDisMeasMaxCalc   0x0800473d   0x1a  Code  Lc  cpu_core.o [7]
CPU_IntDisMeasMaxCurGet
                        0x080045fb   0x24  Code  Gb  cpu_core.o [7]
CPU_IntDisMeasMaxCurReset
                        0x080045d9   0x22  Code  Gb  cpu_core.o [7]
CPU_IntDisMeasMaxCur_cnts
                        0x20003400    0x4  Data  Gb  cpu_core.o [7]
CPU_IntDisMeasMaxGet    0x0800461f   0x24  Code  Gb  cpu_core.o [7]
CPU_IntDisMeasMax_cnts  0x20003404    0x4  Data  Gb  cpu_core.o [7]
CPU_IntDisMeasOvrhd_cnts
                        0x200033fc    0x4  Data  Gb  cpu_core.o [7]
CPU_IntDisMeasStart     0x08004643   0x28  Code  Gb  cpu_core.o [7]
CPU_IntDisMeasStart_cnts
                        0x200033f4    0x4  Data  Gb  cpu_core.o [7]
CPU_IntDisMeasStop      0x0800466b   0x42  Code  Gb  cpu_core.o [7]
CPU_IntDisMeasStop_cnts
                        0x200033f8    0x4  Data  Gb  cpu_core.o [7]
CPU_IntDisNestCtr       0x20003496    0x2  Data  Gb  cpu_core.o [7]
CPU_IntEn               0x0800457d         Code  Gb  cpu_a.o [7]
CPU_IntSrcEn            0x08005491  0x13c  Code  Gb  cpu_c.o [7]
CPU_Name                0x200033c0   0x10  Data  Gb  cpu_core.o [7]
CPU_NameClr             0x080045b5   0x24  Code  Gb  cpu_core.o [7]
CPU_NameInit            0x080046ad    0x8  Code  Lc  cpu_core.o [7]
CPU_RevBits             0x08004595         Code  Gb  cpu_a.o [7]
CPU_SR_Restore          0x08004589         Code  Gb  cpu_a.o [7]
CPU_SR_Save             0x08004581         Code  Gb  cpu_a.o [7]
CPU_TS_Init             0x080046b5    0xe  Code  Lc  cpu_core.o [7]
CPU_TS_TmrFreq_Hz       0x200033f0    0x4  Data  Gb  cpu_core.o [7]
CPU_TS_TmrInit          0x08004935   0x20  Code  Gb  bsp.o [1]
CPU_TS_TmrRd            0x08004955    0x6  Code  Gb  bsp.o [1]
CPU_WaitForExcept       0x0800459f         Code  Gb  cpu_a.o [7]
CPU_WaitForInt          0x0800459b         Code  Gb  cpu_a.o [7]
CSTACK$$Base            0x20000000          --   Gb  - Linker created -
CSTACK$$Limit           0x20001000          --   Gb  - Linker created -
ChooseState             0x08006031   0x36  Code  Gb  PktParser.o [1]
CreateParserTask        0x08005d95   0x7c  Code  Gb  PktParser.o [1]
CreateProcessTask       0x08005621   0x44  Code  Gb  Payload.o [1]
Error                   0x080055f5   0x2c  Code  Gb  Payload.o [1]
Extract                 0x080057ad    0xc  Code  Gb  Payload.o [1]
FLASH_PrefetchBufferCmd
                        0x080052bd   0x20  Code  Gb  stm32f10x_flash.o [1]
FLASH_SetLatency        0x0800529d   0x20  Code  Gb  stm32f10x_flash.o [1]
GPIO_Init               0x080052e1  0x138  Code  Gb  stm32f10x_gpio.o [1]
GPIO_PinRemapConfig     0x08005419   0x72  Code  Gb  stm32f10x_gpio.o [1]
GetBfrAddr              0x08005bbd   0x10  Code  Gb  BfrPair.o [1]
GetBfrClosed            0x08005c01   0x18  Code  Gb  BfrPair.o [1]
GetBfrOpen              0x08005c19   0x18  Code  Gb  BfrPair.o [1]
GetBfrRemoveByte        0x08005c4b   0x18  Code  Gb  BfrPair.o [1]
GetByte                 0x08005aed   0x46  Code  Gb  SerIODriver.o [1]
ISR                     0x08005b69   0x2a  Code  Gb  SerIODriver.o [1]
Init                    0x08006299   0x64  Code  Lc  Prog5.o [1]
InitSerIO               0x080059a9   0x54  Code  Gb  SerIODriver.o [1]
Mem_Clr                 0x08004a95   0x12  Code  Gb  lib_mem.o [8]
Mem_Set                 0x08004aa7   0x82  Code  Gb  lib_mem.o [8]
OSCfg_DataSizeRAM       0x080069b8    0x4  Data  Gb  os_cfg_app.o [1]
OSCfg_ISRStk            0x20002240  0x200  Data  Gb  os_cfg_app.o [1]
OSCfg_ISRStkBasePtr     0x0800695c    0x4  Data  Gb  os_cfg_app.o [1]
OSCfg_ISRStkSize        0x08006960    0x4  Data  Gb  os_cfg_app.o [1]
OSCfg_ISRStkSizeRAM     0x08006964    0x4  Data  Gb  os_cfg_app.o [1]
OSCfg_IdleTaskStk       0x20002040  0x200  Data  Gb  os_cfg_app.o [1]
OSCfg_IdleTaskStkBasePtr
                        0x0800694c    0x4  Data  Gb  os_cfg_app.o [1]
OSCfg_IdleTaskStkLimit  0x08006950    0x4  Data  Gb  os_cfg_app.o [1]
OSCfg_IdleTaskStkSize   0x08006954    0x4  Data  Gb  os_cfg_app.o [1]
OSCfg_IdleTaskStkSizeRAM
                        0x08006958    0x4  Data  Gb  os_cfg_app.o [1]
OSCfg_Init              0x08004465  0x114  Code  Gb  os_cfg_app.o [1]
OSCfg_MsgPool           0x20001000  0x640  Data  Gb  os_cfg_app.o [1]
OSCfg_MsgPoolBasePtr    0x0800696c    0x4  Data  Gb  os_cfg_app.o [1]
OSCfg_MsgPoolSize       0x0800107e    0x2  Data  Gb  os_cfg_app.o [1]
OSCfg_MsgPoolSizeRAM    0x08006968    0x4  Data  Gb  os_cfg_app.o [1]
OSCfg_StatTaskPrio      0x080069e1    0x1  Data  Gb  os_cfg_app.o [1]
OSCfg_StatTaskRate_Hz   0x08006970    0x4  Data  Gb  os_cfg_app.o [1]
OSCfg_StatTaskStk       0x20002440  0x200  Data  Gb  os_cfg_app.o [1]
OSCfg_StatTaskStkBasePtr
                        0x08006974    0x4  Data  Gb  os_cfg_app.o [1]
OSCfg_StatTaskStkLimit  0x08006978    0x4  Data  Gb  os_cfg_app.o [1]
OSCfg_StatTaskStkSize   0x0800697c    0x4  Data  Gb  os_cfg_app.o [1]
OSCfg_StatTaskStkSizeRAM
                        0x08006980    0x4  Data  Gb  os_cfg_app.o [1]
OSCfg_StkSizeMin        0x08006984    0x4  Data  Gb  os_cfg_app.o [1]
OSCfg_TickRate_Hz       0x08006988    0x4  Data  Gb  os_cfg_app.o [1]
OSCfg_TickTaskPrio      0x080069e2    0x1  Data  Gb  os_cfg_app.o [1]
OSCfg_TickTaskStk       0x20002640  0x200  Data  Gb  os_cfg_app.o [1]
OSCfg_TickTaskStkBasePtr
                        0x0800698c    0x4  Data  Gb  os_cfg_app.o [1]
OSCfg_TickTaskStkLimit  0x08006990    0x4  Data  Gb  os_cfg_app.o [1]
OSCfg_TickTaskStkSize   0x08006994    0x4  Data  Gb  os_cfg_app.o [1]
OSCfg_TickTaskStkSizeRAM
                        0x08006998    0x4  Data  Gb  os_cfg_app.o [1]
OSCfg_TickWheel         0x20003100   0x68  Data  Gb  os_cfg_app.o [1]
OSCfg_TickWheelSize     0x08001162    0x2  Data  Gb  os_cfg_app.o [1]
OSCfg_TickWheelSizeRAM  0x0800699c    0x4  Data  Gb  os_cfg_app.o [1]
OSCfg_TmrTaskPrio       0x080069e3    0x1  Data  Gb  os_cfg_app.o [1]
OSCfg_TmrTaskRate_Hz    0x080069a0    0x4  Data  Gb  os_cfg_app.o [1]
OSCfg_TmrTaskStk        0x20002840  0x200  Data  Gb  os_cfg_app.o [1]
OSCfg_TmrTaskStkBasePtr
                        0x080069a4    0x4  Data  Gb  os_cfg_app.o [1]
OSCfg_TmrTaskStkLimit   0x080069a8    0x4  Data  Gb  os_cfg_app.o [1]
OSCfg_TmrTaskStkSize    0x080069ac    0x4  Data  Gb  os_cfg_app.o [1]
OSCfg_TmrTaskStkSizeRAM
                        0x080069b0    0x4  Data  Gb  os_cfg_app.o [1]
OSCfg_TmrWheel          0x20003168   0x68  Data  Gb  os_cfg_app.o [1]
OSCfg_TmrWheelSize      0x08001192    0x2  Data  Gb  os_cfg_app.o [1]
OSCfg_TmrWheelSizeRAM   0x080069b4    0x4  Data  Gb  os_cfg_app.o [1]
OSCtxSw                 0x0800479b         Code  Gb  os_cpu_a.o [9]
OSDbg_AppHooksEn        0x080069e5    0x1  Data  Gb  os_dbg.o [1]
OSDbg_ArgChkEn          0x080069e4    0x1  Data  Gb  os_dbg.o [1]
OSDbg_CalledFromISRChkEn
                        0x080069e6    0x1  Data  Gb  os_dbg.o [1]
OSDbg_DataSize          0x080069c4    0x4  Data  Gb  os_dbg.o [1]
OSDbg_DbgEn             0x08001302    0x2  Data  Gb  os_dbg.o [1]
OSDbg_EndiannessTest    0x080069bc    0x4  Data  Gb  os_dbg.o [1]
OSDbg_FlagDelEn         0x080069e8    0x1  Data  Gb  os_dbg.o [1]
OSDbg_FlagEn            0x080069e7    0x1  Data  Gb  os_dbg.o [1]
OSDbg_FlagGrp           0x08006534   0x28  Data  Gb  os_dbg.o [1]
OSDbg_FlagGrpSize       0x08001332    0x2  Data  Gb  os_dbg.o [1]
OSDbg_FlagModeClrEn     0x080069e9    0x1  Data  Gb  os_dbg.o [1]
OSDbg_FlagPendAbortEn   0x080069ea    0x1  Data  Gb  os_dbg.o [1]
OSDbg_FlagWidth         0x080014b2    0x2  Data  Gb  os_dbg.o [1]
OSDbg_ISRPostDeferredEn
                        0x080069eb    0x1  Data  Gb  os_dbg.o [1]
OSDbg_Mem               0x08006620   0x20  Data  Gb  os_dbg.o [1]
OSDbg_MemEn             0x080069ec    0x1  Data  Gb  os_dbg.o [1]
OSDbg_MemSize           0x08001656    0x2  Data  Gb  os_dbg.o [1]
OSDbg_MsgEn             0x080069ed    0x1  Data  Gb  os_dbg.o [1]
OSDbg_MsgPoolSize       0x08001996    0x2  Data  Gb  os_dbg.o [1]
OSDbg_MsgQSize          0x0800253e    0x2  Data  Gb  os_dbg.o [1]
OSDbg_MsgSize           0x080018ae    0x2  Data  Gb  os_dbg.o [1]
OSDbg_Mutex             0x080064b4   0x2c  Data  Gb  os_dbg.o [1]
OSDbg_MutexDelEn        0x080069ef    0x1  Data  Gb  os_dbg.o [1]
OSDbg_MutexEn           0x080069ee    0x1  Data  Gb  os_dbg.o [1]
OSDbg_MutexPendAbortEn  0x080069f0    0x1  Data  Gb  os_dbg.o [1]
OSDbg_MutexSize         0x08003c82    0x2  Data  Gb  os_dbg.o [1]
OSDbg_ObjTypeChkEn      0x080069f1    0x1  Data  Gb  os_dbg.o [1]
OSDbg_PendDataSize      0x080045a2    0x2  Data  Gb  os_dbg.o [1]
OSDbg_PendListSize      0x08004e2a    0x2  Data  Gb  os_dbg.o [1]
OSDbg_PendMultiEn       0x080069f2    0x1  Data  Gb  os_dbg.o [1]
OSDbg_PendObjSize       0x08005c7e    0x2  Data  Gb  os_dbg.o [1]
OSDbg_PrioMax           0x0800678a    0x2  Data  Gb  os_dbg.o [1]
OSDbg_PrioTblSize       0x08006796    0x2  Data  Gb  os_dbg.o [1]
OSDbg_PtrSize           0x080069cc    0x2  Data  Gb  os_dbg.o [1]
OSDbg_Q                 0x08006484   0x30  Data  Gb  os_dbg.o [1]
OSDbg_QDelEn            0x080069f4    0x1  Data  Gb  os_dbg.o [1]
OSDbg_QEn               0x080069f3    0x1  Data  Gb  os_dbg.o [1]
OSDbg_QFlushEn          0x080069f5    0x1  Data  Gb  os_dbg.o [1]
OSDbg_QPendAbortEn      0x080069f6    0x1  Data  Gb  os_dbg.o [1]
OSDbg_QSize             0x080069ce    0x2  Data  Gb  os_dbg.o [1]
OSDbg_RdyList           0x080069d2    0x2  Data  Gb  os_dbg.o [1]
OSDbg_RdyListSize       0x080069c0    0x4  Data  Gb  os_dbg.o [1]
OSDbg_SchedRoundRobinEn
                        0x080069f7    0x1  Data  Gb  os_dbg.o [1]
OSDbg_Sem               0x0800655c   0x28  Data  Gb  os_dbg.o [1]
OSDbg_SemDelEn          0x080069f9    0x1  Data  Gb  os_dbg.o [1]
OSDbg_SemEn             0x080069f8    0x1  Data  Gb  os_dbg.o [1]
OSDbg_SemPendAbortEn    0x080069fa    0x1  Data  Gb  os_dbg.o [1]
OSDbg_SemSetEn          0x080069fb    0x1  Data  Gb  os_dbg.o [1]
OSDbg_SemSize           0x080069d0    0x2  Data  Gb  os_dbg.o [1]
OSDbg_StatTaskEn        0x080069fd    0x1  Data  Gb  os_dbg.o [1]
OSDbg_StatTaskStkChkEn  0x080069fe    0x1  Data  Gb  os_dbg.o [1]
OSDbg_StkWidth          0x080069fc    0x1  Data  Gb  os_dbg.o [1]
OSDbg_TCBSize           0x080069d6    0x2  Data  Gb  os_dbg.o [1]
OSDbg_TaskChangePrioEn  0x080069ff    0x1  Data  Gb  os_dbg.o [1]
OSDbg_TaskDelEn         0x08006a00    0x1  Data  Gb  os_dbg.o [1]
OSDbg_TaskProfileEn     0x08006a03    0x1  Data  Gb  os_dbg.o [1]
OSDbg_TaskQEn           0x08006a01    0x1  Data  Gb  os_dbg.o [1]
OSDbg_TaskQPendAbortEn  0x08006a02    0x1  Data  Gb  os_dbg.o [1]
OSDbg_TaskRegTblSize    0x080069d4    0x2  Data  Gb  os_dbg.o [1]
OSDbg_TaskSemPendAbortEn
                        0x08006a04    0x1  Data  Gb  os_dbg.o [1]
OSDbg_TaskSuspendEn     0x08006a05    0x1  Data  Gb  os_dbg.o [1]
OSDbg_TickSpokeSize     0x080069d8    0x2  Data  Gb  os_dbg.o [1]
OSDbg_TimeDlyHMSMEn     0x08006a06    0x1  Data  Gb  os_dbg.o [1]
OSDbg_TimeDlyResumeEn   0x08006a07    0x1  Data  Gb  os_dbg.o [1]
OSDbg_Tmr               0x08006450   0x34  Data  Gb  os_dbg.o [1]
OSDbg_TmrDelEn          0x08006a09    0x1  Data  Gb  os_dbg.o [1]
OSDbg_TmrEn             0x08006a08    0x1  Data  Gb  os_dbg.o [1]
OSDbg_TmrSize           0x080069da    0x2  Data  Gb  os_dbg.o [1]
OSDbg_TmrSpokeSize      0x080069dc    0x2  Data  Gb  os_dbg.o [1]
OSDbg_VersionNbr        0x080069de    0x2  Data  Gb  os_dbg.o [1]
OSFlagDbgListPtr        0x20003430    0x4  Data  Gb  __dbg_uCOS-III.o [9]
OSFlagQty               0x20003498    0x2  Data  Gb  __dbg_uCOS-III.o [9]
OSIdleTaskCtr           0x20003428    0x4  Data  Gb  __dbg_uCOS-III.o [9]
OSIdleTaskHook          0x080041f9   0x12  Code  Gb  os_cpu_c.o [9]
OSIdleTaskTCB           0x20002dc0   0xd0  Data  Gb  __dbg_uCOS-III.o [9]
OSInit                  0x08001999  0x14c  Code  Gb  os_core.o [9]
OSInitHook              0x0800420b   0x30  Code  Gb  os_cpu_c.o [9]
OSIntCtxSw              0x080047a3         Code  Gb  os_cpu_a.o [9]
OSIntDisTimeMax         0x2000342c    0x4  Data  Gb  __dbg_uCOS-III.o [9]
OSIntEnter              0x08001ae5   0x24  Code  Gb  os_core.o [9]
OSIntExit               0x08001b09  0x104  Code  Gb  os_core.o [9]
OSIntNestingCtr         0x200034a7    0x1  Data  Gb  __dbg_uCOS-III.o [9]
OSMemDbgListPtr         0x20003434    0x4  Data  Gb  __dbg_uCOS-III.o [9]
OSMemQty                0x2000349a    0x2  Data  Gb  __dbg_uCOS-III.o [9]
OSMsgPool               0x200033d0    0x8  Data  Gb  __dbg_uCOS-III.o [9]
OSMutexDbgListPtr       0x20003438    0x4  Data  Gb  __dbg_uCOS-III.o [9]
OSMutexQty              0x2000349c    0x2  Data  Gb  __dbg_uCOS-III.o [9]
OSPrioCur               0x200034a9    0x1  Data  Gb  __dbg_uCOS-III.o [9]
OSPrioHighRdy           0x200034aa    0x1  Data  Gb  __dbg_uCOS-III.o [9]
OSPrioTbl               0x20003490    0x4  Data  Gb  os_prio.o [9]
OSQDbgListPtr           0x2000343c    0x4  Data  Gb  __dbg_uCOS-III.o [9]
OSQQty                  0x2000349e    0x2  Data  Gb  __dbg_uCOS-III.o [9]
OSRdyList               0x200031d0   0x60  Data  Gb  __dbg_uCOS-III.o [9]
OSRunning               0x200034a8    0x1  Data  Gb  __dbg_uCOS-III.o [9]
OSSched                 0x08001c0d   0xca  Code  Gb  os_core.o [9]
OSSchedLock             0x08001cd7   0x58  Code  Gb  os_core.o [9]
OSSchedLockNestingCtr   0x200034ab    0x1  Data  Gb  __dbg_uCOS-III.o [9]
OSSchedLockTimeBegin    0x20003440    0x4  Data  Gb  __dbg_uCOS-III.o [9]
OSSchedLockTimeMax      0x20003444    0x4  Data  Gb  __dbg_uCOS-III.o [9]
OSSchedLockTimeMaxCur   0x20003448    0x4  Data  Gb  __dbg_uCOS-III.o [9]
OSSchedRoundRobinDfltTimeQuanta
                        0x2000344c    0x4  Data  Gb  __dbg_uCOS-III.o [9]
OSSchedRoundRobinEn     0x200034ac    0x1  Data  Gb  __dbg_uCOS-III.o [9]
OSSchedUnlock           0x08001d2f   0x78  Code  Gb  os_core.o [9]
OSSemCreate             0x080038b9   0xb0  Code  Gb  os_sem.o [9]
OSSemDbgListPtr         0x20003450    0x4  Data  Gb  __dbg_uCOS-III.o [9]
OSSemPend               0x08003969  0x1a2  Code  Gb  os_sem.o [9]
OSSemPost               0x08003b0b   0x46  Code  Gb  os_sem.o [9]
OSSemQty                0x200034a0    0x2  Data  Gb  __dbg_uCOS-III.o [9]
OSStart                 0x08001da7   0x64  Code  Gb  os_core.o [9]
OSStartHighRdy          0x0800477d         Code  Gb  os_cpu_a.o [9]
OSStatReset             0x08003359   0xce  Code  Gb  os_stat.o [9]
OSStatTaskCPUUsage      0x200034ad    0x1  Data  Gb  __dbg_uCOS-III.o [9]
OSStatTaskCPUUsageInit  0x08003427   0xa4  Code  Gb  os_stat.o [9]
OSStatTaskCtr           0x20003454    0x4  Data  Gb  __dbg_uCOS-III.o [9]
OSStatTaskCtrMax        0x20003458    0x4  Data  Gb  __dbg_uCOS-III.o [9]
OSStatTaskCtrRun        0x2000345c    0x4  Data  Gb  __dbg_uCOS-III.o [9]
OSStatTaskHook          0x0800423b   0x12  Code  Gb  os_cpu_c.o [9]
OSStatTaskRdy           0x200034ae    0x1  Data  Gb  __dbg_uCOS-III.o [9]
OSStatTaskTCB           0x20002e90   0xd0  Data  Gb  __dbg_uCOS-III.o [9]
OSStatTaskTimeMax       0x20003460    0x4  Data  Gb  __dbg_uCOS-III.o [9]
OSTCBCurPtr             0x20003488    0x4  Data  Gb  __dbg_uCOS-III.o [9]
OSTCBHighRdyPtr         0x2000348c    0x4  Data  Gb  __dbg_uCOS-III.o [9]
OSTaskCreate            0x080025e5  0x1c2  Code  Gb  os_task.o [9]
OSTaskCreateHook        0x0800424d   0x16  Code  Gb  os_cpu_c.o [9]
OSTaskCtxSwCtr          0x20003464    0x4  Data  Gb  __dbg_uCOS-III.o [9]
OSTaskDbgListPtr        0x20003468    0x4  Data  Gb  __dbg_uCOS-III.o [9]
OSTaskDel               0x080027a7  0x100  Code  Gb  os_task.o [9]
OSTaskDelHook           0x08004263   0x16  Code  Gb  os_cpu_c.o [9]
OSTaskQty               0x200034a2    0x2  Data  Gb  __dbg_uCOS-III.o [9]
OSTaskReturnHook        0x08004279   0x16  Code  Gb  os_cpu_c.o [9]
OSTaskSemPend           0x080028a7  0x1be  Code  Gb  os_task.o [9]
OSTaskSemPost           0x08002a65   0x26  Code  Gb  os_task.o [9]
OSTaskStkChk            0x08002a8b   0xc8  Code  Gb  os_task.o [9]
OSTaskStkInit           0x0800428f   0x88  Code  Gb  os_cpu_c.o [9]
OSTaskSwHook            0x08004317   0x98  Code  Gb  os_cpu_c.o [9]
OSTickCtr               0x2000346c    0x4  Data  Gb  __dbg_uCOS-III.o [9]
OSTickTaskTCB           0x20002f60   0xd0  Data  Gb  __dbg_uCOS-III.o [9]
OSTickTaskTimeMax       0x20003470    0x4  Data  Gb  __dbg_uCOS-III.o [9]
OSTimeDly               0x08004979   0xb0  Code  Gb  os_time.o [9]
OSTimeTick              0x08004a29   0x46  Code  Gb  os_time.o [9]
OSTimeTickHook          0x080043af   0x12  Code  Gb  os_cpu_c.o [9]
OSTmrDbgListPtr         0x20003474    0x4  Data  Gb  __dbg_uCOS-III.o [9]
OSTmrTaskTCB            0x20003030   0xd0  Data  Gb  __dbg_uCOS-III.o [9]
OSTmrTaskTimeMax        0x20003478    0x4  Data  Gb  __dbg_uCOS-III.o [9]
OSTmrTickCtr            0x2000347c    0x4  Data  Gb  __dbg_uCOS-III.o [9]
OSTmrUpdateCnt          0x20003480    0x4  Data  Gb  __dbg_uCOS-III.o [9]
OSTmrUpdateCtr          0x20003484    0x4  Data  Gb  __dbg_uCOS-III.o [9]
OS_AppIdleTaskHookPtr   0x20003418    0x4  Data  Gb  __dbg_uCOS-III.o [9]
OS_AppStatTaskHookPtr   0x2000341c    0x4  Data  Gb  __dbg_uCOS-III.o [9]
OS_AppTaskCreateHookPtr
                        0x2000340c    0x4  Data  Gb  __dbg_uCOS-III.o [9]
OS_AppTaskDelHookPtr    0x20003410    0x4  Data  Gb  __dbg_uCOS-III.o [9]
OS_AppTaskReturnHookPtr
                        0x20003414    0x4  Data  Gb  __dbg_uCOS-III.o [9]
OS_AppTaskSwHookPtr     0x20003420    0x4  Data  Gb  __dbg_uCOS-III.o [9]
OS_AppTimeTickHookPtr   0x20003424    0x4  Data  Gb  __dbg_uCOS-III.o [9]
OS_CPU_ExceptStkBase    0x20003408    0x4  Data  Gb  os_cpu_c.o [9]
OS_CPU_PendSVHandler    0x080047ab         Code  Gb  os_cpu_a.o [9]
OS_CPU_SysTickHandler   0x080043c1   0x2e  Code  Gb  os_cpu_c.o [9]
OS_CPU_SysTickInit      0x080043ef   0x2e  Code  Gb  os_cpu_c.o [9]
OS_Dbg_Init             0x08003fc5  0x234  Code  Gb  os_dbg.o [1]
OS_FlagInit             0x0800374d   0x12  Code  Gb  os_flag.o [9]
OS_IdleTask             0x08001e0b   0x3e  Code  Gb  os_core.o [9]
OS_IdleTaskInit         0x08001e49   0x52  Code  Gb  os_core.o [9]
OS_MemInit              0x08003769   0x12  Code  Gb  os_mem.o [9]
OS_MsgPoolCreate        0x08003785   0x42  Code  Gb  os_msg.o [9]
OS_MsgPoolInit          0x080037c7   0x4c  Code  Gb  os_msg.o [9]
OS_MsgQFreeAll          0x08003813   0x4c  Code  Gb  os_msg.o [9]
OS_MsgQInit             0x0800385f   0x14  Code  Gb  os_msg.o [9]
OS_MutexInit            0x08003881   0x12  Code  Gb  os_mutex.o [9]
OS_Pend                 0x08001e9b   0x76  Code  Gb  os_core.o [9]
OS_PendDataInit         0x08001f11   0x36  Code  Gb  os_core.o [9]
OS_PendDbgNameAdd       0x08001f47   0x4c  Code  Gb  os_core.o [9]
OS_PendDbgNameRemove    0x08001f93   0x28  Code  Gb  os_core.o [9]
OS_PendListInit         0x08001fc1    0xe  Code  Gb  os_core.o [9]
OS_PendListInsertPrio   0x08001fcf   0x7a  Code  Gb  os_core.o [9]
OS_PendListRemove       0x08002049   0x38  Code  Gb  os_core.o [9]
OS_PendListRemove1      0x08002081   0x54  Code  Gb  os_core.o [9]
OS_Post                 0x080020d5   0xdc  Code  Gb  os_core.o [9]
OS_Post1                0x080021b1   0x2c  Code  Gb  os_core.o [9]
OS_PrioGetHighest       0x08002559   0x26  Code  Gb  os_prio.o [9]
OS_PrioInit             0x08002541   0x18  Code  Gb  os_prio.o [9]
OS_PrioInsert           0x0800257f   0x30  Code  Gb  os_prio.o [9]
OS_PrioRemove           0x080025af   0x30  Code  Gb  os_prio.o [9]
OS_QInit                0x0800389d   0x12  Code  Gb  os_q.o [9]
OS_RdyListInit          0x080021dd   0x24  Code  Gb  os_core.o [9]
OS_RdyListInsert        0x08002201   0x28  Code  Gb  os_core.o [9]
OS_RdyListInsertHead    0x0800222d   0x42  Code  Gb  os_core.o [9]
OS_RdyListInsertTail    0x08002289   0x40  Code  Gb  os_core.o [9]
OS_RdyListMoveHeadToTail
                        0x080022f1   0x4a  Code  Gb  os_core.o [9]
OS_RdyListRemove        0x0800233b   0x62  Code  Gb  os_core.o [9]
OS_SchedLockTimeMeasStart
                        0x0800239d   0x14  Code  Gb  os_core.o [9]
OS_SchedLockTimeMeasStop
                        0x080023b1   0x30  Code  Gb  os_core.o [9]
OS_SchedRoundRobin      0x080023e9   0xac  Code  Gb  os_core.o [9]
OS_SemDbgListAdd        0x08003b51   0x28  Code  Gb  os_sem.o [9]
OS_SemInit              0x08003b79   0x12  Code  Gb  os_sem.o [9]
OS_SemPost              0x08003bb9   0xca  Code  Gb  os_sem.o [9]
OS_StatTask             0x080034cb  0x19e  Code  Gb  os_stat.o [9]
OS_StatTaskInit         0x08003669   0x8c  Code  Gb  os_stat.o [9]
OS_TaskBlock            0x080024e9   0x3c  Code  Gb  os_core.o [9]
OS_TaskDbgListAdd       0x08002b5d   0x34  Code  Gb  os_task.o [9]
OS_TaskDbgListRemove    0x08002b91   0x5a  Code  Gb  os_task.o [9]
OS_TaskInit             0x08002bf1   0x18  Code  Gb  os_task.o [9]
OS_TaskInitTCB          0x08002c15  0x126  Code  Gb  os_task.o [9]
OS_TaskRdy              0x08002525   0x1a  Code  Gb  os_core.o [9]
OS_TaskReturn           0x08002d49   0x14  Code  Gb  os_task.o [9]
OS_TaskSemPost          0x08002d5d   0xda  Code  Gb  os_task.o [9]
OS_TickListInit         0x08002eed   0x2a  Code  Gb  os_tick.o [9]
OS_TickListInsert       0x08002f17  0x1ee  Code  Gb  os_tick.o [9]
OS_TickListRemove       0x08003105   0x52  Code  Gb  os_tick.o [9]
OS_TickListResetPeak    0x08003157   0x1e  Code  Gb  os_tick.o [9]
OS_TickListUpdate       0x08003175  0x1ae  Code  Gb  os_tick.o [9]
OS_TickTask             0x08002e51   0x28  Code  Gb  os_tick.o [9]
OS_TickTaskInit         0x08002e79   0x74  Code  Gb  os_tick.o [9]
OS_TmrInit              0x08003c85   0xda  Code  Gb  os_tmr.o [9]
OS_TmrLink              0x08003d5f   0xe2  Code  Gb  os_tmr.o [9]
OS_TmrResetPeak         0x08003e41   0x1e  Code  Gb  os_tmr.o [9]
OS_TmrTask              0x08003eb9   0xc4  Code  Gb  os_tmr.o [9]
OS_TmrUnlink            0x08003e5f   0x5a  Code  Gb  os_tmr.o [9]
OverheadBytes           0x080069e0    0x1  Data  Gb  PktParser.o [1]
PacketError             0x08006067   0x24  Code  Gb  PktParser.o [1]
ParsePkt                0x08005e11  0x220  Code  Gb  PktParser.o [1]
ProcessPkt              0x08005665  0x122  Code  Gb  Payload.o [1]
PutBfrAddByte           0x08005c31   0x1a  Code  Gb  BfrPair.o [1]
PutBfrAddr              0x08005bcd    0xc  Code  Gb  BfrPair.o [1]
PutBfrClose             0x08005bd9   0x14  Code  Gb  BfrPair.o [1]
PutBfrClosed            0x08005bed   0x14  Code  Gb  BfrPair.o [1]
PutByte                 0x08005a4d   0x4a  Code  Gb  SerIODriver.o [1]
PutReplyMsg             0x080055dd   0x18  Code  Gb  Payload.o [1]
RCC_ADCCLKConfig        0x0800502f   0x18  Code  Gb  stm32f10x_rcc.o [1]
RCC_APB2PeriphClockCmd  0x080051e3   0x1e  Code  Gb  stm32f10x_rcc.o [1]
RCC_DeInit              0x08004e2d   0x5e  Code  Gb  stm32f10x_rcc.o [1]
RCC_GetClocksFreq       0x0800504f  0x194  Code  Gb  stm32f10x_rcc.o [1]
RCC_GetFlagStatus       0x08005201   0x50  Code  Gb  stm32f10x_rcc.o [1]
RCC_GetSYSCLKSource     0x08004fd9    0xc  Code  Gb  stm32f10x_rcc.o [1]
RCC_HCLKConfig          0x08004fe5   0x18  Code  Gb  stm32f10x_rcc.o [1]
RCC_HSEConfig           0x08004e8b   0x56  Code  Gb  stm32f10x_rcc.o [1]
RCC_OTGFSCLKConfig      0x08005047    0x8  Code  Gb  stm32f10x_rcc.o [1]
RCC_PCLK1Config         0x08004ffd   0x18  Code  Gb  stm32f10x_rcc.o [1]
RCC_PCLK2Config         0x08005015   0x1a  Code  Gb  stm32f10x_rcc.o [1]
RCC_PLL1Cmd             0x08004f73    0xa  Code  Gb  stm32f10x_rcc.o [1]
RCC_PLL1Config          0x08004f57   0x1c  Code  Gb  stm32f10x_rcc.o [1]
RCC_PLL2Cmd             0x08004f95    0xa  Code  Gb  stm32f10x_rcc.o [1]
RCC_PLL2Config          0x08004f7d   0x18  Code  Gb  stm32f10x_rcc.o [1]
RCC_PLL3Cmd             0x08004fb7    0xa  Code  Gb  stm32f10x_rcc.o [1]
RCC_PLL3Config          0x08004f9f   0x18  Code  Gb  stm32f10x_rcc.o [1]
RCC_PREDIV1Config       0x08004f21   0x1e  Code  Gb  stm32f10x_rcc.o [1]
RCC_PREDIV2Config       0x08004f3f   0x18  Code  Gb  stm32f10x_rcc.o [1]
RCC_SYSCLKConfig        0x08004fc1   0x18  Code  Gb  stm32f10x_rcc.o [1]
RCC_WaitForHSEStartUp   0x08004ee1   0x40  Code  Gb  stm32f10x_rcc.o [1]
Region$$Table$$Base     0x080065f0          --   Gb  - Linker created -
Region$$Table$$Limit    0x08006600          --   Gb  - Linker created -
SayMsgType              0x080057f3   0x30  Code  Gb  Payload.o [1]
ServiceRx               0x08005a99   0x52  Code  Gb  SerIODriver.o [1]
ServiceTx               0x080059fd   0x4e  Code  Gb  SerIODriver.o [1]
ShowDateTimeMsg         0x08005881   0x8a  Code  Gb  Payload.o [1]
ShowIDMsg               0x08005911   0x40  Code  Gb  Payload.o [1]
ShowPrecMsg             0x08005855   0x2c  Code  Gb  Payload.o [1]
ShowWindMsg             0x08005823   0x32  Code  Gb  Payload.o [1]
USART_ClockInit         0x080061f1   0x24  Code  Gb  stm32f10x_usart.o [1]
USART_Cmd               0x08006215   0x1c  Code  Gb  stm32f10x_usart.o [1]
USART_Init              0x0800612d   0xc0  Code  Gb  stm32f10x_usart.o [1]
_GenldDefault           0x08000bb5  0x270  Code  Lc  xprintffull.o [3]
_LdtobDefault           0x0800079f  0x406  Code  Lc  xprintffull.o [3]
_LitobDefault           0x08000681  0x11e  Code  Lc  xprintffull.o [3]
_Printf                 0x08000151  0x530  Code  Gb  xprintffull.o [3]
_PutcharsDefault        0x08000e25   0x32  Code  Lc  xprintffull.o [3]
_SProut                 0x08000f47    0xa  Code  Gb  xsprout.o [3]
__aeabi_cdcmple         0x08001135         Code  Gb  DblCmpLe.o [4]
__aeabi_cdrcmple        0x08001165         Code  Gb  DblCmpGe.o [4]
__aeabi_d2iz            0x080012ad         Code  Gb  DblToI32.o [4]
__aeabi_d2uiz           0x080012d9         Code  Gb  DblToI32.o [4]
__aeabi_dadd            0x080018b1         Code  Gb  DblAdd.o [4]
__aeabi_ddiv            0x08001659         Code  Gb  DblDiv.o [4]
__aeabi_dmul            0x080014b5         Code  Gb  DblMul.o [4]
__aeabi_dsub            0x08001335         Code  Gb  DblSub.o [4]
__aeabi_i2d             0x08001305         Code  Gb  I32ToDbl.o [4]
__aeabi_ldiv0           0x080018ad         Code  Gb  I64DivZer.o [5]
__aeabi_ldivmod         0x08000f51         Code  Gb  I64DivMod.o [5]
__aeabi_memcpy          0x080010c5         Code  Gb  ABImemcpy.o [5]
__aeabi_memcpy4         0x080010df         Code  Gb  ABImemcpy.o [5]
__aeabi_memcpy8         0x080010df         Code  Gb  ABImemcpy.o [5]
__aeabi_ui2d            0x08001319         Code  Gb  I32ToDbl.o [4]
__aeabi_uldivmod        0x08000f65         Code  Gb  I64DivMod.o [5]
__cmain                 0x08006769         Code  Gb  cmain.o [5]
__exit                  0x08006799   0x14  Code  Gb  exit.o [6]
__iar_Dnorm             0x08001081   0x44  Code  Gb  xdnorm.o [4]
__iar_Dscale            0x08001195  0x118  Code  Gb  xdscale.o [4]
__iar_Memchr            0x08000eb9         Code  Gb  memchr.o [5]
__iar_Strchr            0x08000e95         Code  Gb  strchr.o [5]
__iar_d2uiz             0x080012e3         Code  Gb  DblToI32.o [4]
__iar_dadd              0x080018c3         Code  Gb  DblAdd.o [4]
__iar_data_init3        0x080064e1   0x2c  Code  Gb  data_init3.o [5]
__iar_dsub              0x08001347         Code  Gb  DblSub.o [4]
__iar_dsubStart         0x08001359         Code  Gb  DblSub.o [4]
__iar_program_start     0x08006929         Code  Gb  cstartup_M.o [5]
__iar_ui2d              0x0800131b         Code  Gb  I32ToDbl.o [4]
__iar_zero_init3        0x08000e73   0x22  Code  Gb  zero_init3.o [5]
__low_level_init        0x0800677f    0x4  Code  Gb  low_level_init.o [3]
__vector_table          0x08000000  0x150  Data  Gb  app_vect.o [1]
_call_main              0x08006775         Code  Gb  cmain.o [5]
_exit                   0x0800678d         Code  Gb  cexit.o [5]
_main                   0x0800677b         Code  Gb  cmain.o [5]
bfr0Space               0x20003230   0x54  Data  Gb  PktParser.o [1]
bfr1Space               0x20003284   0x54  Data  Gb  PktParser.o [1]
closedIBfrs             0x20003350   0x28  Data  Gb  SerIODriver.o [1]
closedPayloadBfrs       0x20003300   0x28  Data  Gb  PktParser.o [1]
div                     0x0800189f    0xe  Code  Gb  div.o [3]
exit                    0x08006783    0x8  Code  Gb  exit.o [3]
iBfr0Space              0x200033dc    0x4  Data  Lc  SerIODriver.o [1]
iBfr1Space              0x200033e0    0x4  Data  Lc  SerIODriver.o [1]
iBfrPair                0x20003390   0x18  Data  Lc  SerIODriver.o [1]
initStk                 0x20001e40  0x200  Data  Lc  Prog5.o [1]
initTCB                 0x20002cf0   0xd0  Data  Lc  Prog5.o [1]
main                    0x08006231   0x68  Code  Gb  Prog5.o [1]
memchr                  0x08000eb9         Code  Gb  memchr.o [5]
oBfr0Space              0x200033e4    0x4  Data  Lc  SerIODriver.o [1]
oBfr1Space              0x200033e8    0x4  Data  Lc  SerIODriver.o [1]
oBfrPair                0x200033a8   0x18  Data  Lc  SerIODriver.o [1]
openOBfrs               0x20003328   0x28  Data  Gb  SerIODriver.o [1]
openPayloadBfrs         0x200032d8   0x28  Data  Gb  PktParser.o [1]
parserStk               0x20001a40  0x400  Data  Gb  PktParser.o [1]
parserTCB               0x20002c20   0xd0  Data  Gb  PktParser.o [1]
payloadBfrPair          0x20003378   0x18  Data  Gb  PktParser.o [1]
processStk              0x20001640  0x400  Data  Gb  Payload.o [1]
processTCB              0x20002b50   0xd0  Data  Gb  Payload.o [1]
sprintf                 0x08005c81   0x34  Code  Gb  sprintf.o [3]
strchr                  0x08000e95         Code  Gb  strchr.o [5]
strcpy                  0x080060e9         Code  Gb  strcpy.o [5]
strlen                  0x08000f11         Code  Gb  strlen.o [5]


[1] = C:\Documents and Settings\George Cheney\My Documents\16572\16572S2011\Prog5\App\Flash\Obj
[2] = command line
[3] = dl7M_tln.a
[4] = m7M_tl.a
[5] = rt7M_tl.a
[6] = shb_l.a
[7] = uC-CPU-CM3-IAR.a
[8] = uC-LIB-CM3-IAR.a
[9] = uCOS-III-CM3-IAR.a

  25 436 bytes of readonly  code memory
   1 710 bytes of readonly  data memory
  13 487 bytes of readwrite data memory

Errors: none
Warnings: none
