###############################################################################
#                                                                             #
# IAR ELF Linker V6.10.2.52244/W32 for ARM              17/Feb/2011  15:37:47 #
# Copyright 2007-2010 IAR Systems AB.                                         #
#                                                                             #
#    Output file  =  C:\Documents and Settings\George Cheney\My               #
#                    Documents\16572\16572S2011\Prog3\App\Flash\Exe\uCOS-III- #
#                    Ex1.out                                                  #
#    Map file     =  C:\Documents and Settings\George Cheney\My               #
#                    Documents\16572\16572S2011\Prog3\App\Flash\List\uCOS-III #
#                    -Ex1.map                                                 #
#    Command line =  "C:\Documents and Settings\George Cheney\My              #
#                    Documents\16572\16572S2011\Prog3\App\Flash\Obj\BfrPair.o #
#                    " "C:\Documents and Settings\George Cheney\My            #
#                    Documents\16572\16572S2011\Prog3\App\Flash\Obj\Buffer.o" #
#                     "C:\Documents and Settings\George Cheney\My             #
#                    Documents\16572\16572S2011\Prog3\App\Flash\Obj\Error.o"  #
#                    "C:\Documents and Settings\George Cheney\My              #
#                    Documents\16572\16572S2011\Prog3\App\Flash\Obj\Payload.o #
#                    " "C:\Documents and Settings\George Cheney\My            #
#                    Documents\16572\16572S2011\Prog3\App\Flash\Obj\PktParser #
#                    .o" "C:\Documents and Settings\George Cheney\My          #
#                    Documents\16572\16572S2011\Prog3\App\Flash\Obj\Prog3.o"  #
#                    "C:\Documents and Settings\George Cheney\My              #
#                    Documents\16572\16572S2011\Prog3\App\Flash\Obj\Reply.o"  #
#                    "C:\Documents and Settings\George Cheney\My              #
#                    Documents\16572\16572S2011\Prog3\App\Flash\Obj\SerIODriv #
#                    er.o" "C:\Documents and Settings\George Cheney\My        #
#                    Documents\16572\16572S2011\Prog3\App\Flash\Obj\app_vect. #
#                    o" "C:\Documents and Settings\George Cheney\My           #
#                    Documents\16572\16572S2011\Prog3\App\Flash\Obj\bsp.o"    #
#                    "C:\Documents and Settings\George Cheney\My              #
#                    Documents\16572\16572S2011\Prog3\App\Flash\Obj\bsp_i2c.o #
#                    " "C:\Documents and Settings\George Cheney\My            #
#                    Documents\16572\16572S2011\Prog3\App\Flash\Obj\bsp_int.o #
#                    " "C:\Documents and Settings\George Cheney\My            #
#                    Documents\16572\16572S2011\Prog3\App\Flash\Obj\bsp_os.o" #
#                     "C:\Documents and Settings\George Cheney\My             #
#                    Documents\16572\16572S2011\Prog3\App\Flash\Obj\bsp_perip #
#                    h.o" "C:\Documents and Settings\George Cheney\My         #
#                    Documents\16572\16572S2011\Prog3\App\Flash\Obj\bsp_ser.o #
#                    " "C:\Documents and Settings\George Cheney\My            #
#                    Documents\16572\16572S2011\Prog3\App\Flash\Obj\bsp_stlm7 #
#                    5.o" "C:\Documents and Settings\George Cheney\My         #
#                    Documents\16572\16572S2011\Prog3\App\Flash\Obj\os_app_ho #
#                    oks.o" "C:\Documents and Settings\George Cheney\My       #
#                    Documents\16572\16572S2011\Prog3\App\Flash\Obj\os_cfg_ap #
#                    p.o" "C:\Documents and Settings\George Cheney\My         #
#                    Documents\16572\16572S2011\Prog3\App\Flash\Obj\os_dbg.o" #
#                     "C:\Documents and Settings\George Cheney\My             #
#                    Documents\16572\16572S2011\Prog3\App\Flash\Obj\stm32f10x #
#                    _adc.o" "C:\Documents and Settings\George Cheney\My      #
#                    Documents\16572\16572S2011\Prog3\App\Flash\Obj\stm32f10x #
#                    _bkp.o" "C:\Documents and Settings\George Cheney\My      #
#                    Documents\16572\16572S2011\Prog3\App\Flash\Obj\stm32f10x #
#                    _can.o" "C:\Documents and Settings\George Cheney\My      #
#                    Documents\16572\16572S2011\Prog3\App\Flash\Obj\stm32f10x #
#                    _crc.o" "C:\Documents and Settings\George Cheney\My      #
#                    Documents\16572\16572S2011\Prog3\App\Flash\Obj\stm32f10x #
#                    _dac.o" "C:\Documents and Settings\George Cheney\My      #
#                    Documents\16572\16572S2011\Prog3\App\Flash\Obj\stm32f10x #
#                    _dbgmcu.o" "C:\Documents and Settings\George Cheney\My   #
#                    Documents\16572\16572S2011\Prog3\App\Flash\Obj\stm32f10x #
#                    _dma.o" "C:\Documents and Settings\George Cheney\My      #
#                    Documents\16572\16572S2011\Prog3\App\Flash\Obj\stm32f10x #
#                    _exti.o" "C:\Documents and Settings\George Cheney\My     #
#                    Documents\16572\16572S2011\Prog3\App\Flash\Obj\stm32f10x #
#                    _flash.o" "C:\Documents and Settings\George Cheney\My    #
#                    Documents\16572\16572S2011\Prog3\App\Flash\Obj\stm32f10x #
#                    _fsmc.o" "C:\Documents and Settings\George Cheney\My     #
#                    Documents\16572\16572S2011\Prog3\App\Flash\Obj\stm32f10x #
#                    _gpio.o" "C:\Documents and Settings\George Cheney\My     #
#                    Documents\16572\16572S2011\Prog3\App\Flash\Obj\stm32f10x #
#                    _i2c.o" "C:\Documents and Settings\George Cheney\My      #
#                    Documents\16572\16572S2011\Prog3\App\Flash\Obj\stm32f10x #
#                    _iwdg.o" "C:\Documents and Settings\George Cheney\My     #
#                    Documents\16572\16572S2011\Prog3\App\Flash\Obj\stm32f10x #
#                    _lib.o" "C:\Documents and Settings\George Cheney\My      #
#                    Documents\16572\16572S2011\Prog3\App\Flash\Obj\stm32f10x #
#                    _nvic.o" "C:\Documents and Settings\George Cheney\My     #
#                    Documents\16572\16572S2011\Prog3\App\Flash\Obj\stm32f10x #
#                    _pwr.o" "C:\Documents and Settings\George Cheney\My      #
#                    Documents\16572\16572S2011\Prog3\App\Flash\Obj\stm32f10x #
#                    _rcc.o" "C:\Documents and Settings\George Cheney\My      #
#                    Documents\16572\16572S2011\Prog3\App\Flash\Obj\stm32f10x #
#                    _rtc.o" "C:\Documents and Settings\George Cheney\My      #
#                    Documents\16572\16572S2011\Prog3\App\Flash\Obj\stm32f10x #
#                    _sdio.o" "C:\Documents and Settings\George Cheney\My     #
#                    Documents\16572\16572S2011\Prog3\App\Flash\Obj\stm32f10x #
#                    _spi.o" "C:\Documents and Settings\George Cheney\My      #
#                    Documents\16572\16572S2011\Prog3\App\Flash\Obj\stm32f10x #
#                    _systick.o" "C:\Documents and Settings\George Cheney\My  #
#                    Documents\16572\16572S2011\Prog3\App\Flash\Obj\stm32f10x #
#                    _tim.o" "C:\Documents and Settings\George Cheney\My      #
#                    Documents\16572\16572S2011\Prog3\App\Flash\Obj\stm32f10x #
#                    _usart.o" "C:\Documents and Settings\George Cheney\My    #
#                    Documents\16572\16572S2011\Prog3\App\Flash\Obj\stm32f10x #
#                    _wwdg.o" "C:\Documents and Settings\George Cheney\My     #
#                    Documents\16572\16572S2011\Prog3\uCOS-III-Lib\uC-CPU-CM3 #
#                    -IAR.a" "C:\Documents and Settings\George Cheney\My      #
#                    Documents\16572\16572S2011\Prog3\uCOS-III-Lib\uC-LIB-CM3 #
#                    -IAR.a" "C:\Documents and Settings\George Cheney\My      #
#                    Documents\16572\16572S2011\Prog3\uCOS-III-Lib\uCOS-III-C #
#                    M3-IAR.a" -o "C:\Documents and Settings\George           #
#                    Cheney\My Documents\16572\16572S2011\Prog3\App\Flash\Exe #
#                    \uCOS-III-Ex1.out" --map "C:\Documents and               #
#                    Settings\George Cheney\My Documents\16572\16572S2011\Pro #
#                    g3\App\Flash\List\uCOS-III-Ex1.map" --config             #
#                    "C:\Documents and Settings\George Cheney\My              #
#                    Documents\16572\16572S2011\Prog3\App\..\BSP\STM32_FLASH. #
#                    icf" --semihosting --entry __iar_program_start           #
#                                                                             #
#                                                                             #
###############################################################################

*******************************************************************************
*** RUNTIME MODEL ATTRIBUTES
***

CppFlavor       = *
__SystemLibrary = DLib


*******************************************************************************
*** PLACEMENT SUMMARY
***

"A1":  place at 0x08000000 { ro section .intvec };
"P2":  place in [from 0x080000ec to 0x0803ffff] { ro };
"P3":  place in [from 0x20000000 to 0x2000ffff] { rw, block CSTACK, block HEAP };

  Section          Kind        Address    Size  Object
  -------          ----        -------    ----  ------
"A1":                                    0x150
  .intvec          const    0x08000000   0x150  app_vect.o [1]
                          - 0x08000150   0x150

"P2":                                   0x3d14
  .text            ro code  0x08000150   0xd22  xprintffull.o [3]
  .text            ro code  0x08000e72    0x22  zero_init3.o [5]
  .text            ro code  0x08000e94    0x16  strchr.o [5]
  .text            ro code  0x08000eaa     0xe  app_vect.o [1]
  .text            ro code  0x08000eb8    0x58  memchr.o [5]
  .text            ro code  0x08000f10    0x36  strlen.o [5]
  .text            ro code  0x08000f46     0xa  xsprout.o [3]
  .text            ro code  0x08000f50   0x12e  I64DivMod.o [5]
  .rodata          const    0x0800107e     0x1  PktParser.o [1]
  .text            ro code  0x08001080    0x44  xdnorm.o [4]
  .text            ro code  0x080010c4    0x70  ABImemcpy.o [5]
  .text            ro code  0x08001134    0x2e  DblCmpLe.o [4]
  .text            ro code  0x08001164    0x2e  DblCmpGe.o [4]
  .text            ro code  0x08001194   0x118  xdscale.o [4]
  .text            ro code  0x080012ac    0x56  DblToI32.o [4]
  .text            ro code  0x08001304    0x2e  I32ToDbl.o [4]
  .text            ro code  0x08001334   0x17e  DblSub.o [4]
  .text            ro code  0x080014b4   0x1a2  DblMul.o [4]
  .text            ro code  0x08001658   0x246  DblDiv.o [4]
  .text            ro code  0x0800189e     0xe  div.o [3]
  .text            ro code  0x080018ac     0x2  I64DivZer.o [5]
  .text            ro code  0x080018b0    0xe6  DblAdd.o [4]
  .text            ro code  0x08001998   0x5aa  os_core.o [9]
  CODE             ro code  0x08001f44    0x2a  cpu_a.o [7]
  .text            ro code  0x08001f70    0xe8  cpu_core.o [7]
  .text            ro code  0x08002058    0x5c  os_prio.o [9]
  CODE             ro code  0x080020b4    0x94  os_cpu_a.o [9]
  .text            ro code  0x08002148    0x52  os_tick.o [9]
  .text            ro code  0x0800219c   0x13c  bsp.o [1]
  .text            ro code  0x080022d8   0x470  stm32f10x_rcc.o [1]
  .text            ro code  0x08002748    0x44  stm32f10x_flash.o [1]
  .text            ro code  0x0800278c   0x1b0  stm32f10x_gpio.o [1]
  .text            ro code  0x0800293c   0x2d4  Payload.o [1]
  .text            ro code  0x08002c10    0x38  Error.o [1]
  .text            ro code  0x08002c48    0x34  sprintf.o [3]
  .text            ro code  0x08002c7c    0xb0  Reply.o [1]
  .text            ro code  0x08002d2c   0x13a  BfrPair.o [1]
  .text            ro code  0x08002e68    0xe4  SerIODriver.o [1]
  .text            ro code  0x08002f4c   0x106  Buffer.o [1]
  .text            ro code  0x08003054   0x2bc  PktParser.o [1]
  .text            ro code  0x08003310    0x44  strcpy.o [5]
  .text            ro code  0x08003354   0x2a8  bsp_int.o [1]
  .text            ro code  0x080035fc   0x104  stm32f10x_usart.o [1]
  .text            ro code  0x08003700   0x104  os_task.o [9]
  .text            ro code  0x08003804    0xf0  os_cpu_c.o [9]
  .text            ro code  0x080038f4    0x60  os_time.o [9]
  .text            ro code  0x08003954    0xac  bsp_ser.o [1]
  .text            ro code  0x08003a00    0x90  bsp_periph.o [1]
  .text            ro code  0x08003a90    0xa8  Prog3.o [1]
  .text            ro code  0x08003b38    0x2c  data_init3.o [5]
  .rodata          const    0x08003b64    0x28  Payload.o [1]
  .rodata          const    0x08003b8c    0x24  Payload.o [1]
  .rodata          const    0x08003bb0    0x24  Payload.o [1]
  .rodata          const    0x08003bd4    0x24  Payload.o [1]
  .iar.init_table  const    0x08003bf8    0x10  - Linker created -
  .rodata          const    0x08003c08    0x20  Payload.o [1]
  .rodata          const    0x08003c28    0x1c  Payload.o [1]
  .rodata          const    0x08003c44    0x1c  Payload.o [1]
  .rodata          const    0x08003c60    0x18  Payload.o [1]
  .rodata          const    0x08003c78    0x18  Payload.o [1]
  .rodata          const    0x08003c90    0x18  Payload.o [1]
  .rodata          const    0x08003ca8    0x18  Payload.o [1]
  .rodata          const    0x08003cc0    0x18  Payload.o [1]
  .rodata          const    0x08003cd8    0x18  Payload.o [1]
  .rodata          const    0x08003cf0    0x18  PktParser.o [1]
  .rodata          const    0x08003d08    0x18  PktParser.o [1]
  .rodata          const    0x08003d20    0x18  PktParser.o [1]
  .text            ro code  0x08003d38    0x16  cmain.o [5]
  .text            ro code  0x08003d4e     0x4  low_level_init.o [3]
  .text            ro code  0x08003d52     0x8  exit.o [3]
  .text            ro code  0x08003d5c     0xa  cexit.o [5]
  .text            ro code  0x08003d68    0x14  exit.o [6]
  .rodata          const    0x08003d7c    0x14  Payload.o [1]
  .rodata          const    0x08003d90    0x14  Payload.o [1]
  .rodata          const    0x08003da4    0x14  Payload.o [1]
  .rodata          const    0x08003db8    0x14  Payload.o [1]
  .rodata          const    0x08003dcc    0x14  PktParser.o [1]
  .rodata          const    0x08003de0    0x10  Error.o [1]
  .rodata          const    0x08003df0    0x10  Payload.o [1]
  .rodata          const    0x08003e00    0x10  Payload.o [1]
  .rodata          const    0x08003e10    0x10  PktParser.o [1]
  .rodata          const    0x08003e20    0x10  PktParser.o [1]
  .rodata          const    0x08003e30    0x10  stm32f10x_rcc.o [1]
  .rodata          const    0x08003e40     0xc  Error.o [1]
  .text            ro code  0x08003e4c     0xc  cstartup_M.o [5]
  .rodata          const    0x08003e58     0x8  Payload.o [1]
  .rodata          const    0x08003e60     0x4  stm32f10x_rcc.o [1]
                          - 0x08003e64  0x3d14

"P3", part 1 of 2:                       0x748
  .bss             zero     0x20000000   0x110  bsp_int.o [1]
  .bss             zero     0x20000110    0xfc  Reply.o [1]
  .bss             zero     0x2000020c    0xfc  Reply.o [1]
  .bss             zero     0x20000308    0xd0  __dbg_uCOS-III.o [9]
  .bss             zero     0x200003d8    0xd0  __dbg_uCOS-III.o [9]
  .bss             zero     0x200004a8    0xd0  __dbg_uCOS-III.o [9]
  .bss             zero     0x20000578    0x60  __dbg_uCOS-III.o [9]
  .bss             zero     0x200005d8    0x54  Prog3.o [1]
  .bss             zero     0x2000062c    0x54  Prog3.o [1]
  .bss             zero     0x20000680    0x18  Prog3.o [1]
  .bss             zero     0x20000698    0x18  Reply.o [1]
  .bss             zero     0x200006b0    0x18  SerIODriver.o [1]
  .bss             zero     0x200006c8    0x18  SerIODriver.o [1]
  .bss             zero     0x200006e0     0x4  PktParser.o [1]
  .bss             zero     0x200006e4     0x4  SerIODriver.o [1]
  .bss             zero     0x200006e8     0x4  SerIODriver.o [1]
  .bss             zero     0x200006ec     0x4  SerIODriver.o [1]
  .bss             zero     0x200006f0     0x4  SerIODriver.o [1]
  .bss             zero     0x200006f4     0x4  bsp.o [1]
  .bss             zero     0x200006f8     0x4  os_cpu_c.o [9]
  .bss             zero     0x200006fc     0x4  cpu_core.o [7]
  .bss             zero     0x20000700     0x4  cpu_core.o [7]
  .bss             zero     0x20000704     0x4  cpu_core.o [7]
  .bss             zero     0x20000708     0x4  cpu_core.o [7]
  .bss             zero     0x2000070c     0x4  cpu_core.o [7]
  .bss             zero     0x20000710     0x4  __dbg_uCOS-III.o [9]
  .bss             zero     0x20000714     0x4  __dbg_uCOS-III.o [9]
  .bss             zero     0x20000718     0x4  __dbg_uCOS-III.o [9]
  .bss             zero     0x2000071c     0x4  __dbg_uCOS-III.o [9]
  .bss             zero     0x20000720     0x4  __dbg_uCOS-III.o [9]
  .bss             zero     0x20000724     0x4  __dbg_uCOS-III.o [9]
  .bss             zero     0x20000728     0x4  __dbg_uCOS-III.o [9]
  .bss             zero     0x2000072c     0x4  __dbg_uCOS-III.o [9]
  .bss             zero     0x20000730     0x4  __dbg_uCOS-III.o [9]
  .bss             zero     0x20000734     0x4  os_prio.o [9]
  .bss             zero     0x20000738     0x2  cpu_core.o [7]
  .bss             zero     0x2000073a     0x2  cpu_core.o [7]
  .bss             zero     0x2000073c     0x1  PktParser.o [1]
  .bss             zero     0x2000073d     0x1  PktParser.o [1]
  .bss             zero     0x2000073e     0x1  PktParser.o [1]
  .bss             zero     0x2000073f     0x1  __dbg_uCOS-III.o [9]
  .bss             zero     0x20000740     0x1  __dbg_uCOS-III.o [9]
  .bss             zero     0x20000741     0x1  __dbg_uCOS-III.o [9]
  .bss             zero     0x20000742     0x1  __dbg_uCOS-III.o [9]
  .bss             zero     0x20000743     0x1  __dbg_uCOS-III.o [9]
  .bss             zero     0x20000744     0x1  __dbg_uCOS-III.o [9]
                          - 0x20000745   0x745

"P3", part 2 of 2:                       0x200
  CSTACK                    0x20000748   0x200  <Block>
    CSTACK         uninit   0x20000748   0x200  <Block tail>
                          - 0x20000948   0x200


*******************************************************************************
*** INIT TABLE
***

          Address     Size
          -------     ----
Zero (__iar_zero_init3)
    1 destination range, total size 0x745:
          0x20000000  0x745


*******************************************************************************
*** MODULE SUMMARY
***

    Module             ro code  ro data  rw data
    ------             -------  -------  -------
C:\Documents and Settings\George Cheney\My Documents\16572\16572S2011\Prog3\App\Flash\Obj: [1]
    BfrPair.o              314
    Buffer.o               262
    Error.o                 56       28
    Payload.o              724      500
    PktParser.o            700      125        7
    Prog3.o                168               192
    Reply.o                176               528
    SerIODriver.o          228                64
    app_vect.o              14      336
    bsp.o                  316                 4
    bsp_int.o              680               272
    bsp_periph.o           144
    bsp_ser.o              172
    stm32f10x_flash.o       68
    stm32f10x_gpio.o       432
    stm32f10x_rcc.o      1 136       20
    stm32f10x_usart.o      260
    --------------------------------------------
    Total:               5 850    1 009    1 067

command line: [2]
    --------------------------------------------
    Total:

dl7M_tln.a: [3]
    div.o                   14
    exit.o                   8
    low_level_init.o         4
    sprintf.o               52
    xprintffull.o        3 362
    xsprout.o               10
    --------------------------------------------
    Total:               3 450

m7M_tl.a: [4]
    DblAdd.o               230
    DblCmpGe.o              46
    DblCmpLe.o              46
    DblDiv.o               582
    DblMul.o               418
    DblSub.o               382
    DblToI32.o              86
    I32ToDbl.o              46
    xdnorm.o                68
    xdscale.o              280
    --------------------------------------------
    Total:               2 184

rt7M_tl.a: [5]
    ABImemcpy.o            112
    I64DivMod.o            302
    I64DivZer.o              2
    cexit.o                 10
    cmain.o                 22
    cstartup_M.o            12
    data_init3.o            44
    memchr.o                88
    strchr.o                22
    strcpy.o                68
    strlen.o                54
    zero_init3.o            34
    --------------------------------------------
    Total:                 770

shb_l.a: [6]
    exit.o                  20
    --------------------------------------------
    Total:                  20

uC-CPU-CM3-IAR.a: [7]
    cpu_a.o                 42
    cpu_core.o             232                24
    --------------------------------------------
    Total:                 274                24

uC-LIB-CM3-IAR.a: [8]
    --------------------------------------------
    Total:

uCOS-III-CM3-IAR.a: [9]
    __dbg_uCOS-III.o                         762
    os_core.o            1 450
    os_cpu_a.o             148
    os_cpu_c.o             240                 4
    os_prio.o               92                 4
    os_task.o              260
    os_tick.o               82
    os_time.o               96
    --------------------------------------------
    Total:               2 368               770

    Gaps                    31
    Linker created                   16      512
------------------------------------------------
    Grand Total:        14 947    1 025    2 373


*******************************************************************************
*** ENTRY LIST
***

Entry                      Address   Size  Type      Object
-----                      -------   ----  ----      ------
?main                   0x08003d39         Code  Gb  cmain.o [5]
ADCPrescTable           0x08003e60    0x4  Data  Lc  stm32f10x_rcc.o [1]
APBAHBPrescTable        0x08003e30   0x10  Data  Lc  stm32f10x_rcc.o [1]
AppMain                 0x08003aab   0x80  Code  Gb  Prog3.o [1]
App_BusFault_ISR        0x08000eaf    0x2  Code  Lc  app_vect.o [1]
App_Fault_ISR           0x08000ead    0x2  Code  Lc  app_vect.o [1]
App_MemFault_ISR        0x08000eb3    0x2  Code  Lc  app_vect.o [1]
App_NMI_ISR             0x08000eab    0x2  Code  Lc  app_vect.o [1]
App_Reserved_ISR        0x08000eb7    0x2  Code  Lc  app_vect.o [1]
App_Spurious_ISR        0x08000eb5    0x2  Code  Lc  app_vect.o [1]
App_UsageFault_ISR      0x08000eb1    0x2  Code  Lc  app_vect.o [1]
BCDToINT16U             0x08002a47   0x3a  Code  Gb  Payload.o [1]
BSP_CPU_ClkFreq         0x08002267   0x10  Code  Gb  bsp.o [1]
BSP_CPU_ClkFreq_MHz     0x200006f4    0x4  Data  Gb  bsp.o [1]
BSP_Init                0x0800219d   0xca  Code  Gb  bsp.o [1]
BSP_IntDisAll           0x08003355    0x8  Code  Gb  bsp_int.o [1]
BSP_IntHandler          0x080035bf   0x38  Code  Lc  bsp_int.o [1]
BSP_IntHandlerADC1_2    0x08003411    0xa  Code  Gb  bsp_int.o [1]
BSP_IntHandlerCAN1_RX0  0x08003425    0xa  Code  Gb  bsp_int.o [1]
BSP_IntHandlerCAN1_RX1  0x0800342f    0xa  Code  Gb  bsp_int.o [1]
BSP_IntHandlerCAN1_SCE  0x08003439    0xa  Code  Gb  bsp_int.o [1]
BSP_IntHandlerCAN1_TX   0x0800341b    0xa  Code  Gb  bsp_int.o [1]
BSP_IntHandlerCAN2_RX0  0x08003597    0xa  Code  Gb  bsp_int.o [1]
BSP_IntHandlerCAN2_RX1  0x080035a1    0xa  Code  Gb  bsp_int.o [1]
BSP_IntHandlerCAN2_SCE  0x080035ab    0xa  Code  Gb  bsp_int.o [1]
BSP_IntHandlerCAN2_TX   0x0800358d    0xa  Code  Gb  bsp_int.o [1]
BSP_IntHandlerDMA1_CH1  0x080033cb    0xa  Code  Gb  bsp_int.o [1]
BSP_IntHandlerDMA1_CH2  0x080033d5    0xa  Code  Gb  bsp_int.o [1]
BSP_IntHandlerDMA1_CH3  0x080033df    0xa  Code  Gb  bsp_int.o [1]
BSP_IntHandlerDMA1_CH4  0x080033e9    0xa  Code  Gb  bsp_int.o [1]
BSP_IntHandlerDMA1_CH5  0x080033f3    0xa  Code  Gb  bsp_int.o [1]
BSP_IntHandlerDMA1_CH6  0x080033fd    0xa  Code  Gb  bsp_int.o [1]
BSP_IntHandlerDMA1_CH7  0x08003407    0xa  Code  Gb  bsp_int.o [1]
BSP_IntHandlerDMA2_CH1  0x08003547    0xa  Code  Gb  bsp_int.o [1]
BSP_IntHandlerDMA2_CH2  0x08003551    0xa  Code  Gb  bsp_int.o [1]
BSP_IntHandlerDMA2_CH3  0x0800355b    0xa  Code  Gb  bsp_int.o [1]
BSP_IntHandlerDMA2_CH4  0x08003565    0xa  Code  Gb  bsp_int.o [1]
BSP_IntHandlerDMA2_CH5  0x0800356f    0xa  Code  Gb  bsp_int.o [1]
BSP_IntHandlerETH       0x08003579    0xa  Code  Gb  bsp_int.o [1]
BSP_IntHandlerETHWakeup
                        0x08003583    0xa  Code  Gb  bsp_int.o [1]
BSP_IntHandlerEXTI0     0x08003399    0xa  Code  Gb  bsp_int.o [1]
BSP_IntHandlerEXTI1     0x080033a3    0xa  Code  Gb  bsp_int.o [1]
BSP_IntHandlerEXTI15_10
                        0x080034ed    0xa  Code  Gb  bsp_int.o [1]
BSP_IntHandlerEXTI2     0x080033ad    0xa  Code  Gb  bsp_int.o [1]
BSP_IntHandlerEXTI3     0x080033b7    0xa  Code  Gb  bsp_int.o [1]
BSP_IntHandlerEXTI4     0x080033c1    0xa  Code  Gb  bsp_int.o [1]
BSP_IntHandlerEXTI9_5   0x08003443    0xa  Code  Gb  bsp_int.o [1]
BSP_IntHandlerFLASH     0x08003385    0xa  Code  Gb  bsp_int.o [1]
BSP_IntHandlerI2C1_ER   0x0800349d    0xa  Code  Gb  bsp_int.o [1]
BSP_IntHandlerI2C1_EV   0x08003493    0xa  Code  Gb  bsp_int.o [1]
BSP_IntHandlerI2C2_ER   0x080034b1    0xa  Code  Gb  bsp_int.o [1]
BSP_IntHandlerI2C2_EV   0x080034a7    0xa  Code  Gb  bsp_int.o [1]
BSP_IntHandlerOTG       0x080035b5    0xa  Code  Gb  bsp_int.o [1]
BSP_IntHandlerPVD       0x08003367    0xa  Code  Gb  bsp_int.o [1]
BSP_IntHandlerRCC       0x0800338f    0xa  Code  Gb  bsp_int.o [1]
BSP_IntHandlerRTC       0x0800337b    0xa  Code  Gb  bsp_int.o [1]
BSP_IntHandlerRTCAlarm  0x080034f7    0xa  Code  Gb  bsp_int.o [1]
BSP_IntHandlerSPI1      0x080034bb    0xa  Code  Gb  bsp_int.o [1]
BSP_IntHandlerSPI2      0x080034c5    0xa  Code  Gb  bsp_int.o [1]
BSP_IntHandlerSPI3      0x08003515    0xa  Code  Gb  bsp_int.o [1]
BSP_IntHandlerTAMPER    0x08003371    0xa  Code  Gb  bsp_int.o [1]
BSP_IntHandlerTIM1_BRK  0x0800344d    0xa  Code  Gb  bsp_int.o [1]
BSP_IntHandlerTIM1_CC   0x0800346b    0xa  Code  Gb  bsp_int.o [1]
BSP_IntHandlerTIM1_TRG_COM
                        0x08003461    0xa  Code  Gb  bsp_int.o [1]
BSP_IntHandlerTIM1_UP   0x08003457    0xa  Code  Gb  bsp_int.o [1]
BSP_IntHandlerTIM2      0x08003475    0xa  Code  Gb  bsp_int.o [1]
BSP_IntHandlerTIM3      0x0800347f    0xa  Code  Gb  bsp_int.o [1]
BSP_IntHandlerTIM4      0x08003489    0xa  Code  Gb  bsp_int.o [1]
BSP_IntHandlerTIM5      0x0800350b    0xa  Code  Gb  bsp_int.o [1]
BSP_IntHandlerTIM6      0x08003533    0xa  Code  Gb  bsp_int.o [1]
BSP_IntHandlerTIM7      0x0800353d    0xa  Code  Gb  bsp_int.o [1]
BSP_IntHandlerUSART1    0x080034cf    0xa  Code  Gb  bsp_int.o [1]
BSP_IntHandlerUSART2    0x080034d9    0xa  Code  Gb  bsp_int.o [1]
BSP_IntHandlerUSART3    0x080034e3    0xa  Code  Gb  bsp_int.o [1]
BSP_IntHandlerUSART4    0x0800351f    0xa  Code  Gb  bsp_int.o [1]
BSP_IntHandlerUSART5    0x08003529    0xa  Code  Gb  bsp_int.o [1]
BSP_IntHandlerUSBWakeUp
                        0x08003501    0xa  Code  Gb  bsp_int.o [1]
BSP_IntHandlerWWDG      0x0800335d    0xa  Code  Gb  bsp_int.o [1]
BSP_IntVectTbl          0x20000000  0x110  Data  Lc  bsp_int.o [1]
BSP_LED_Init            0x08002277   0x28  Code  Lc  bsp.o [1]
BSP_PeriphEn            0x08003a01   0x84  Code  Gb  bsp_periph.o [1]
BSP_Ser_Init            0x08003955   0xa4  Code  Gb  bsp_ser.o [1]
BSP_StatusInit          0x0800229f   0x1e  Code  Lc  bsp.o [1]
BfrAddByte              0x08002fb5   0x3c  Code  Gb  Buffer.o [1]
BfrClose                0x08002f7d    0x6  Code  Gb  Buffer.o [1]
BfrClosed               0x08002f79    0x4  Code  Gb  Buffer.o [1]
BfrEmpty                0x08002f9f   0x16  Code  Gb  Buffer.o [1]
BfrFull                 0x08002f89   0x16  Code  Gb  Buffer.o [1]
BfrInit                 0x08002f4d   0x1a  Code  Gb  Buffer.o [1]
BfrNextByte             0x08002ff1   0x26  Code  Gb  Buffer.o [1]
BfrOpen                 0x08002f83    0x6  Code  Gb  Buffer.o [1]
BfrPairInit             0x08002d41   0x2a  Code  Gb  BfrPair.o [1]
BfrPairSwap             0x08002e4b   0x1c  Code  Gb  BfrPair.o [1]
BfrPairSwappable        0x08002e29   0x22  Code  Gb  BfrPair.o [1]
BfrRemoveByte           0x08003017   0x3c  Code  Gb  Buffer.o [1]
BfrReset                0x08002f67   0x12  Code  Gb  Buffer.o [1]
ByteSwap                0x08002a15   0x26  Code  Gb  Payload.o [1]
CPU_CntLeadZeros        0x08001f5b         Code  Gb  cpu_a.o [7]
CPU_IntDis              0x08001f45         Code  Gb  cpu_a.o [7]
CPU_IntDisMeasCtr       0x20000738    0x2  Data  Gb  cpu_core.o [7]
CPU_IntDisMeasMaxCalc   0x08002021   0x1a  Code  Lc  cpu_core.o [7]
CPU_IntDisMeasMaxCurGet
                        0x08001f93   0x24  Code  Gb  cpu_core.o [7]
CPU_IntDisMeasMaxCurReset
                        0x08001f71   0x22  Code  Gb  cpu_core.o [7]
CPU_IntDisMeasMaxCur_cnts
                        0x20000708    0x4  Data  Gb  cpu_core.o [7]
CPU_IntDisMeasMax_cnts  0x2000070c    0x4  Data  Gb  cpu_core.o [7]
CPU_IntDisMeasOvrhd_cnts
                        0x20000704    0x4  Data  Gb  cpu_core.o [7]
CPU_IntDisMeasStart     0x08001fb7   0x28  Code  Gb  cpu_core.o [7]
CPU_IntDisMeasStart_cnts
                        0x200006fc    0x4  Data  Gb  cpu_core.o [7]
CPU_IntDisMeasStop      0x08001fdf   0x42  Code  Gb  cpu_core.o [7]
CPU_IntDisMeasStop_cnts
                        0x20000700    0x4  Data  Gb  cpu_core.o [7]
CPU_IntDisNestCtr       0x2000073a    0x2  Data  Gb  cpu_core.o [7]
CPU_IntEn               0x08001f49         Code  Gb  cpu_a.o [7]
CPU_RevBits             0x08001f61         Code  Gb  cpu_a.o [7]
CPU_SR_Restore          0x08001f55         Code  Gb  cpu_a.o [7]
CPU_SR_Save             0x08001f4d         Code  Gb  cpu_a.o [7]
CPU_TS_TmrRd            0x080022bd    0x6  Code  Gb  bsp.o [1]
CPU_WaitForExcept       0x08001f6b         Code  Gb  cpu_a.o [7]
CPU_WaitForInt          0x08001f67         Code  Gb  cpu_a.o [7]
CSTACK$$Base            0x20000748          --   Gb  - Linker created -
CSTACK$$Limit           0x20000948          --   Gb  - Linker created -
ChooseState             0x08003287   0x36  Code  Gb  PktParser.o [1]
CloseReply              0x08002cc7    0xa  Code  Gb  Reply.o [1]
Error                   0x08002c11   0x38  Code  Gb  Error.o [1]
Extract                 0x08002a3b    0xc  Code  Gb  Payload.o [1]
FLASH_PrefetchBufferCmd
                        0x08002769   0x20  Code  Gb  stm32f10x_flash.o [1]
FLASH_SetLatency        0x08002749   0x20  Code  Gb  stm32f10x_flash.o [1]
GPIO_Init               0x0800278d  0x138  Code  Gb  stm32f10x_gpio.o [1]
GPIO_PinRemapConfig     0x080028c5   0x72  Code  Gb  stm32f10x_gpio.o [1]
GetBfrAddr              0x08002d6b   0x10  Code  Gb  BfrPair.o [1]
GetBfrClosed            0x08002daf   0x18  Code  Gb  BfrPair.o [1]
GetBfrNextByte          0x08002df9   0x18  Code  Gb  BfrPair.o [1]
GetBfrOpen              0x08002dc7   0x18  Code  Gb  BfrPair.o [1]
GetBfrRemoveByte        0x08002e11   0x18  Code  Gb  BfrPair.o [1]
GetByte                 0x08002efd   0x30  Code  Gb  SerIODriver.o [1]
InitReply               0x08002c7d   0x10  Code  Gb  Reply.o [1]
InitSerIO               0x08002e69   0x1c  Code  Gb  SerIODriver.o [1]
OSCtxSw                 0x080020d3         Code  Gb  os_cpu_a.o [9]
OSIdleTaskTCB           0x20000308   0xd0  Data  Gb  __dbg_uCOS-III.o [9]
OSIntCtxSw              0x080020db         Code  Gb  os_cpu_a.o [9]
OSIntEnter              0x08001999   0x24  Code  Gb  os_core.o [9]
OSIntExit               0x080019bd  0x104  Code  Gb  os_core.o [9]
OSIntNestingCtr         0x2000073f    0x1  Data  Gb  __dbg_uCOS-III.o [9]
OSPrioCur               0x20000741    0x1  Data  Gb  __dbg_uCOS-III.o [9]
OSPrioHighRdy           0x20000742    0x1  Data  Gb  __dbg_uCOS-III.o [9]
OSPrioTbl               0x20000734    0x4  Data  Gb  os_prio.o [9]
OSRdyList               0x20000578   0x60  Data  Gb  __dbg_uCOS-III.o [9]
OSRunning               0x20000740    0x1  Data  Gb  __dbg_uCOS-III.o [9]
OSSched                 0x08001ac1   0xca  Code  Gb  os_core.o [9]
OSSchedLockNestingCtr   0x20000743    0x1  Data  Gb  __dbg_uCOS-III.o [9]
OSSchedLockTimeMaxCur   0x20000718    0x4  Data  Gb  __dbg_uCOS-III.o [9]
OSSchedRoundRobinDfltTimeQuanta
                        0x2000071c    0x4  Data  Gb  __dbg_uCOS-III.o [9]
OSSchedRoundRobinEn     0x20000744    0x1  Data  Gb  __dbg_uCOS-III.o [9]
OSStartHighRdy          0x080020b5         Code  Gb  os_cpu_a.o [9]
OSTCBCurPtr             0x2000072c    0x4  Data  Gb  __dbg_uCOS-III.o [9]
OSTCBHighRdyPtr         0x20000730    0x4  Data  Gb  __dbg_uCOS-III.o [9]
OSTaskCtxSwCtr          0x20000720    0x4  Data  Gb  __dbg_uCOS-III.o [9]
OSTaskSemPost           0x08003701   0x26  Code  Gb  os_task.o [9]
OSTaskSwHook            0x08003805   0x98  Code  Gb  os_cpu_c.o [9]
OSTickTaskTCB           0x200003d8   0xd0  Data  Gb  __dbg_uCOS-III.o [9]
OSTimeTick              0x080038f5   0x46  Code  Gb  os_time.o [9]
OSTimeTickHook          0x0800389d   0x12  Code  Gb  os_cpu_c.o [9]
OSTmrTaskTCB            0x200004a8   0xd0  Data  Gb  __dbg_uCOS-III.o [9]
OSTmrUpdateCnt          0x20000724    0x4  Data  Gb  __dbg_uCOS-III.o [9]
OSTmrUpdateCtr          0x20000728    0x4  Data  Gb  __dbg_uCOS-III.o [9]
OS_AppTaskSwHookPtr     0x20000710    0x4  Data  Gb  __dbg_uCOS-III.o [9]
OS_AppTimeTickHookPtr   0x20000714    0x4  Data  Gb  __dbg_uCOS-III.o [9]
OS_CPU_ExceptStkBase    0x200006f8    0x4  Data  Gb  os_cpu_c.o [9]
OS_CPU_PendSVHandler    0x080020e3         Code  Gb  os_cpu_a.o [9]
OS_CPU_SysTickHandler   0x080038af   0x2e  Code  Gb  os_cpu_c.o [9]
OS_PendDbgNameRemove    0x08001b8b   0x28  Code  Gb  os_core.o [9]
OS_PendListRemove       0x08001bb9   0x38  Code  Gb  os_core.o [9]
OS_PendListRemove1      0x08001bf1   0x54  Code  Gb  os_core.o [9]
OS_Post                 0x08001c45   0xdc  Code  Gb  os_core.o [9]
OS_Post1                0x08001d21   0x2c  Code  Gb  os_core.o [9]
OS_PrioGetHighest       0x08002059   0x26  Code  Gb  os_prio.o [9]
OS_PrioInsert           0x0800207f   0x30  Code  Gb  os_prio.o [9]
OS_RdyListInsert        0x08001d4d   0x28  Code  Gb  os_core.o [9]
OS_RdyListInsertHead    0x08001d79   0x42  Code  Gb  os_core.o [9]
OS_RdyListInsertTail    0x08001dc5   0x40  Code  Gb  os_core.o [9]
OS_RdyListMoveHeadToTail
                        0x08001e09   0x4a  Code  Gb  os_core.o [9]
OS_SchedRoundRobin      0x08001e59   0xac  Code  Gb  os_core.o [9]
OS_TaskRdy              0x08001f29   0x1a  Code  Gb  os_core.o [9]
OS_TaskSemPost          0x08003727   0xda  Code  Gb  os_task.o [9]
OS_TickListRemove       0x08002149   0x52  Code  Gb  os_tick.o [9]
OverheadBytes           0x0800107e    0x1  Data  Gb  PktParser.o [1]
PacketError             0x080032bd   0x24  Code  Gb  PktParser.o [1]
ParsePkt                0x08003055  0x232  Code  Gb  PktParser.o [1]
ProcessPkt              0x0800293d   0xd8  Code  Gb  Payload.o [1]
PutBfrAddByte           0x08002ddf   0x1a  Code  Gb  BfrPair.o [1]
PutBfrAddr              0x08002d7b    0xc  Code  Gb  BfrPair.o [1]
PutBfrClose             0x08002d87   0x14  Code  Gb  BfrPair.o [1]
PutBfrClosed            0x08002d9b   0x14  Code  Gb  BfrPair.o [1]
PutBfrReset             0x08002d2d   0x14  Code  Gb  BfrPair.o [1]
PutByte                 0x08002ea5   0x34  Code  Gb  SerIODriver.o [1]
PutReplyMsg             0x08002c97   0x30  Code  Gb  Reply.o [1]
RCC_ADCCLKConfig        0x080024db   0x18  Code  Gb  stm32f10x_rcc.o [1]
RCC_APB2PeriphClockCmd  0x0800268f   0x1e  Code  Gb  stm32f10x_rcc.o [1]
RCC_DeInit              0x080022d9   0x5e  Code  Gb  stm32f10x_rcc.o [1]
RCC_GetClocksFreq       0x080024fb  0x194  Code  Gb  stm32f10x_rcc.o [1]
RCC_GetFlagStatus       0x080026ad   0x50  Code  Gb  stm32f10x_rcc.o [1]
RCC_GetSYSCLKSource     0x08002485    0xc  Code  Gb  stm32f10x_rcc.o [1]
RCC_HCLKConfig          0x08002491   0x18  Code  Gb  stm32f10x_rcc.o [1]
RCC_HSEConfig           0x08002337   0x56  Code  Gb  stm32f10x_rcc.o [1]
RCC_OTGFSCLKConfig      0x080024f3    0x8  Code  Gb  stm32f10x_rcc.o [1]
RCC_PCLK1Config         0x080024a9   0x18  Code  Gb  stm32f10x_rcc.o [1]
RCC_PCLK2Config         0x080024c1   0x1a  Code  Gb  stm32f10x_rcc.o [1]
RCC_PLL1Cmd             0x0800241f    0xa  Code  Gb  stm32f10x_rcc.o [1]
RCC_PLL1Config          0x08002403   0x1c  Code  Gb  stm32f10x_rcc.o [1]
RCC_PLL2Cmd             0x08002441    0xa  Code  Gb  stm32f10x_rcc.o [1]
RCC_PLL2Config          0x08002429   0x18  Code  Gb  stm32f10x_rcc.o [1]
RCC_PLL3Cmd             0x08002463    0xa  Code  Gb  stm32f10x_rcc.o [1]
RCC_PLL3Config          0x0800244b   0x18  Code  Gb  stm32f10x_rcc.o [1]
RCC_PREDIV1Config       0x080023cd   0x1e  Code  Gb  stm32f10x_rcc.o [1]
RCC_PREDIV2Config       0x080023eb   0x18  Code  Gb  stm32f10x_rcc.o [1]
RCC_SYSCLKConfig        0x0800246d   0x18  Code  Gb  stm32f10x_rcc.o [1]
RCC_WaitForHSEStartUp   0x0800238d   0x40  Code  Gb  stm32f10x_rcc.o [1]
Region$$Table$$Base     0x08003bf8          --   Gb  - Linker created -
Region$$Table$$Limit    0x08003c08          --   Gb  - Linker created -
Reply                   0x08002cd1   0x50  Code  Gb  Reply.o [1]
ReplyBusy               0x08002c8d    0xa  Code  Gb  Reply.o [1]
SayMsgType              0x08002a81   0x30  Code  Gb  Payload.o [1]
ServiceRx               0x08002ed9   0x24  Code  Gb  SerIODriver.o [1]
ServiceTx               0x08002e85   0x20  Code  Gb  SerIODriver.o [1]
ShowDateTimeMsg         0x08002b0f   0x8a  Code  Gb  Payload.o [1]
ShowIDMsg               0x08002b99   0x40  Code  Gb  Payload.o [1]
ShowPrecMsg             0x08002ae3   0x2c  Code  Gb  Payload.o [1]
ShowWindMsg             0x08002ab1   0x32  Code  Gb  Payload.o [1]
USART_ClockInit         0x080036c1   0x24  Code  Gb  stm32f10x_usart.o [1]
USART_Cmd               0x080036e5   0x1c  Code  Gb  stm32f10x_usart.o [1]
USART_Init              0x080035fd   0xc0  Code  Gb  stm32f10x_usart.o [1]
_GenldDefault           0x08000bb5  0x270  Code  Lc  xprintffull.o [3]
_LdtobDefault           0x0800079f  0x406  Code  Lc  xprintffull.o [3]
_LitobDefault           0x08000681  0x11e  Code  Lc  xprintffull.o [3]
_Printf                 0x08000151  0x530  Code  Gb  xprintffull.o [3]
_PutcharsDefault        0x08000e25   0x32  Code  Lc  xprintffull.o [3]
_SProut                 0x08000f47    0xa  Code  Gb  xsprout.o [3]
__aeabi_cdcmple         0x08001135         Code  Gb  DblCmpLe.o [4]
__aeabi_cdrcmple        0x08001165         Code  Gb  DblCmpGe.o [4]
__aeabi_d2iz            0x080012ad         Code  Gb  DblToI32.o [4]
__aeabi_d2uiz           0x080012d9         Code  Gb  DblToI32.o [4]
__aeabi_dadd            0x080018b1         Code  Gb  DblAdd.o [4]
__aeabi_ddiv            0x08001659         Code  Gb  DblDiv.o [4]
__aeabi_dmul            0x080014b5         Code  Gb  DblMul.o [4]
__aeabi_dsub            0x08001335         Code  Gb  DblSub.o [4]
__aeabi_i2d             0x08001305         Code  Gb  I32ToDbl.o [4]
__aeabi_ldiv0           0x080018ad         Code  Gb  I64DivZer.o [5]
__aeabi_ldivmod         0x08000f51         Code  Gb  I64DivMod.o [5]
__aeabi_memcpy          0x080010c5         Code  Gb  ABImemcpy.o [5]
__aeabi_memcpy4         0x080010df         Code  Gb  ABImemcpy.o [5]
__aeabi_memcpy8         0x080010df         Code  Gb  ABImemcpy.o [5]
__aeabi_ui2d            0x08001319         Code  Gb  I32ToDbl.o [4]
__aeabi_uldivmod        0x08000f65         Code  Gb  I64DivMod.o [5]
__cmain                 0x08003d39         Code  Gb  cmain.o [5]
__exit                  0x08003d69   0x14  Code  Gb  exit.o [6]
__iar_Dnorm             0x08001081   0x44  Code  Gb  xdnorm.o [4]
__iar_Dscale            0x08001195  0x118  Code  Gb  xdscale.o [4]
__iar_Memchr            0x08000eb9         Code  Gb  memchr.o [5]
__iar_Strchr            0x08000e95         Code  Gb  strchr.o [5]
__iar_d2uiz             0x080012e3         Code  Gb  DblToI32.o [4]
__iar_dadd              0x080018c3         Code  Gb  DblAdd.o [4]
__iar_data_init3        0x08003b39   0x2c  Code  Gb  data_init3.o [5]
__iar_dsub              0x08001347         Code  Gb  DblSub.o [4]
__iar_dsubStart         0x08001359         Code  Gb  DblSub.o [4]
__iar_program_start     0x08003e4d         Code  Gb  cstartup_M.o [5]
__iar_ui2d              0x0800131b         Code  Gb  I32ToDbl.o [4]
__iar_zero_init3        0x08000e73   0x22  Code  Gb  zero_init3.o [5]
__low_level_init        0x08003d4f    0x4  Code  Gb  low_level_init.o [3]
__vector_table          0x08000000  0x150  Data  Gb  app_vect.o [1]
_call_main              0x08003d45         Code  Gb  cmain.o [5]
_exit                   0x08003d5d         Code  Gb  cexit.o [5]
_main                   0x08003d4b         Code  Gb  cmain.o [5]
bfr0Space               0x200005d8   0x54  Data  Lc  Prog3.o [1]
bfr0Space               0x20000110   0xfc  Data  Lc  Reply.o [1]
bfr1Space               0x2000062c   0x54  Data  Lc  Prog3.o [1]
bfr1Space               0x2000020c   0xfc  Data  Lc  Reply.o [1]
div                     0x0800189f    0xe  Code  Gb  div.o [3]
exit                    0x08003d53    0x8  Code  Gb  exit.o [3]
iBfr0Space              0x200006e4    0x4  Data  Lc  SerIODriver.o [1]
iBfr1Space              0x200006e8    0x4  Data  Lc  SerIODriver.o [1]
iBfrPair                0x200006b0   0x18  Data  Lc  SerIODriver.o [1]
main                    0x08003a91   0x1a  Code  Gb  Prog3.o [1]
memchr                  0x08000eb9         Code  Gb  memchr.o [5]
oBfr0Space              0x200006ec    0x4  Data  Lc  SerIODriver.o [1]
oBfr1Space              0x200006f0    0x4  Data  Lc  SerIODriver.o [1]
oBfrPair                0x200006c8   0x18  Data  Lc  SerIODriver.o [1]
payloadBfrPair          0x20000680   0x18  Data  Lc  Prog3.o [1]
replyBfrPair            0x20000698   0x18  Data  Lc  Reply.o [1]
sprintf                 0x08002c49   0x34  Code  Gb  sprintf.o [3]
strchr                  0x08000e95         Code  Gb  strchr.o [5]
strcpy                  0x08003311         Code  Gb  strcpy.o [5]
strlen                  0x08000f11         Code  Gb  strlen.o [5]


[1] = C:\Documents and Settings\George Cheney\My Documents\16572\16572S2011\Prog3\App\Flash\Obj
[2] = command line
[3] = dl7M_tln.a
[4] = m7M_tl.a
[5] = rt7M_tl.a
[6] = shb_l.a
[7] = uC-CPU-CM3-IAR.a
[8] = uC-LIB-CM3-IAR.a
[9] = uCOS-III-CM3-IAR.a

  14 947 bytes of readonly  code memory
   1 025 bytes of readonly  data memory
   2 373 bytes of readwrite data memory

Errors: none
Warnings: none
